Component: ARM Compiler 6.16 Tool: armlink [5dfeaa00]

==============================================================================

Section Cross References

    startup_stm32g474xx.o(STACK) refers (Special) to heapauxi.o(.text) for __use_two_region_memory
    startup_stm32g474xx.o(HEAP) refers (Special) to heapauxi.o(.text) for __use_two_region_memory
    startup_stm32g474xx.o(RESET) refers (Special) to heapauxi.o(.text) for __use_two_region_memory
    startup_stm32g474xx.o(RESET) refers to startup_stm32g474xx.o(STACK) for __initial_sp
    startup_stm32g474xx.o(RESET) refers to startup_stm32g474xx.o(.text) for Reset_Handler
    startup_stm32g474xx.o(RESET) refers to stm32g4xx_it.o(.text.NMI_Handler) for NMI_Handler
    startup_stm32g474xx.o(RESET) refers to stm32g4xx_it.o(.text.HardFault_Handler) for HardFault_Handler
    startup_stm32g474xx.o(RESET) refers to stm32g4xx_it.o(.text.MemManage_Handler) for MemManage_Handler
    startup_stm32g474xx.o(RESET) refers to stm32g4xx_it.o(.text.BusFault_Handler) for BusFault_Handler
    startup_stm32g474xx.o(RESET) refers to stm32g4xx_it.o(.text.UsageFault_Handler) for UsageFault_Handler
    startup_stm32g474xx.o(RESET) refers to stm32g4xx_it.o(.text.SVC_Handler) for SVC_Handler
    startup_stm32g474xx.o(RESET) refers to stm32g4xx_it.o(.text.DebugMon_Handler) for DebugMon_Handler
    startup_stm32g474xx.o(RESET) refers to stm32g4xx_it.o(.text.PendSV_Handler) for PendSV_Handler
    startup_stm32g474xx.o(RESET) refers to stm32g4xx_it.o(.text.SysTick_Handler) for SysTick_Handler
    startup_stm32g474xx.o(RESET) refers to stm32g4xx_it.o(.text.DMA1_Channel2_IRQHandler) for DMA1_Channel2_IRQHandler
    startup_stm32g474xx.o(RESET) refers to stm32g4xx_it.o(.text.DMA1_Channel3_IRQHandler) for DMA1_Channel3_IRQHandler
    startup_stm32g474xx.o(RESET) refers to stm32g4xx_it.o(.text.ADC1_2_IRQHandler) for ADC1_2_IRQHandler
    startup_stm32g474xx.o(RESET) refers to stm32g4xx_it.o(.text.USB_LP_IRQHandler) for USB_LP_IRQHandler
    startup_stm32g474xx.o(RESET) refers to stm32g4xx_it.o(.text.TIM2_IRQHandler) for TIM2_IRQHandler
    startup_stm32g474xx.o(RESET) refers to stm32g4xx_it.o(.text.SPI1_IRQHandler) for SPI1_IRQHandler
    startup_stm32g474xx.o(.text) refers (Special) to heapauxi.o(.text) for __use_two_region_memory
    startup_stm32g474xx.o(.text) refers to system_stm32g4xx.o(.text.SystemInit) for SystemInit
    startup_stm32g474xx.o(.text) refers to __main.o(!!!main) for __main
    startup_stm32g474xx.o(.text) refers to startup_stm32g474xx.o(HEAP) for Heap_Mem
    startup_stm32g474xx.o(.text) refers to startup_stm32g474xx.o(STACK) for Stack_Mem
    foc_lab.o(.text.HAL_ADCEx_InjectedConvCpltCallback) refers to stm32g4xx_hal_gpio.o(.text.HAL_GPIO_WritePin) for HAL_GPIO_WritePin
    foc_lab.o(.text.HAL_ADCEx_InjectedConvCpltCallback) refers to foc.o(.text.FOC_Run) for FOC_Run
    foc_lab.o(.ARM.exidx.text.HAL_ADCEx_InjectedConvCpltCallback) refers to foc_lab.o(.text.HAL_ADCEx_InjectedConvCpltCallback) for [Anonymous Symbol]
    vofa.o(.text.vofa_start) refers to vofa.o(.text.vofa_sendframetail) for vofa_sendframetail
    vofa.o(.ARM.exidx.text.vofa_start) refers to vofa.o(.text.vofa_start) for [Anonymous Symbol]
    vofa.o(.text.vofa_sendframetail) refers to vofa.o(.bss.cnt) for cnt
    vofa.o(.text.vofa_sendframetail) refers to vofa.o(.bss.send_buf) for send_buf
    vofa.o(.text.vofa_sendframetail) refers to vofa.o(.text.vofa_transmit) for vofa_transmit
    vofa.o(.ARM.exidx.text.vofa_sendframetail) refers to vofa.o(.text.vofa_sendframetail) for [Anonymous Symbol]
    vofa.o(.text.vofa_transmit) refers to usbd_cdc_if.o(.text.CDC_Transmit_FS) for CDC_Transmit_FS
    vofa.o(.ARM.exidx.text.vofa_transmit) refers to vofa.o(.text.vofa_transmit) for [Anonymous Symbol]
    vofa.o(.text.vofa_send_data) refers to vofa.o(.bss.cnt) for cnt
    vofa.o(.text.vofa_send_data) refers to vofa.o(.bss.send_buf) for send_buf
    vofa.o(.ARM.exidx.text.vofa_send_data) refers to vofa.o(.text.vofa_send_data) for [Anonymous Symbol]
    vofa.o(.text.vofa_demo) refers to vofa.o(.bss.vofa_demo.scnt) for vofa_demo.scnt
    vofa.o(.text.vofa_demo) refers to f2d.o(x$fpl$f2d) for __aeabi_f2d
    vofa.o(.text.vofa_demo) refers to ddiv.o(x$fpl$ddiv) for __aeabi_ddiv
    vofa.o(.text.vofa_demo) refers to dmul.o(x$fpl$dmul) for __aeabi_dmul
    vofa.o(.text.vofa_demo) refers to sin.o(i.__hardfp_sin) for __hardfp_sin
    vofa.o(.text.vofa_demo) refers to daddsub_clz.o(x$fpl$dadd) for __aeabi_dadd
    vofa.o(.text.vofa_demo) refers to d2f.o(x$fpl$d2f) for __aeabi_d2f
    vofa.o(.text.vofa_demo) refers to vofa.o(.text.vofa_send_data) for vofa_send_data
    vofa.o(.text.vofa_demo) refers to vofa.o(.text.vofa_sendframetail) for vofa_sendframetail
    vofa.o(.ARM.exidx.text.vofa_demo) refers to vofa.o(.text.vofa_demo) for [Anonymous Symbol]
    vofa.o(.text.vofa_Receive) refers to vofa.o(.bss.receive_buf) for receive_buf
    vofa.o(.text.vofa_Receive) refers to rt_memcpy_v6.o(.text) for __aeabi_memcpy
[...]
    USBD_LL_DataOutStage                     0x0800ccad   Thumb Code   246  usbd_core.o(.text.USBD_LL_DataOutStage)
    USBD_LL_GetRxDataSize                    0x0800cda5   Thumb Code    28  usbd_conf.o(.text.USBD_LL_GetRxDataSize)
    USBD_LL_Init                             0x0800cdc1   Thumb Code   164  usbd_conf.o(.text.USBD_LL_Init)
    USBD_LL_IsStallEP                        0x0800ce65   Thumb Code    90  usbd_conf.o(.text.USBD_LL_IsStallEP)
    USBD_LL_OpenEP                           0x0800cec1   Thumb Code    74  usbd_conf.o(.text.USBD_LL_OpenEP)
    USBD_LL_PrepareReceive                   0x0800cf0d   Thumb Code    66  usbd_conf.o(.text.USBD_LL_PrepareReceive)
    USBD_LL_Reset                            0x0800cf51   Thumb Code   160  usbd_core.o(.text.USBD_LL_Reset)
    USBD_LL_Resume                           0x0800cff1   Thumb Code    36  usbd_core.o(.text.USBD_LL_Resume)
    USBD_LL_SOF                              0x0800d015   Thumb Code    78  usbd_core.o(.text.USBD_LL_SOF)
    USBD_LL_SetSpeed                         0x0800d065   Thumb Code    22  usbd_core.o(.text.USBD_LL_SetSpeed)
    USBD_LL_SetUSBAddress                    0x0800d07d   Thumb Code    58  usbd_conf.o(.text.USBD_LL_SetUSBAddress)
    USBD_LL_SetupStage                       0x0800d0b9   Thumb Code   148  usbd_core.o(.text.USBD_LL_SetupStage)
    USBD_LL_StallEP                          0x0800d14d   Thumb Code    58  usbd_conf.o(.text.USBD_LL_StallEP)
    USBD_LL_Start                            0x0800d189   Thumb Code    50  usbd_conf.o(.text.USBD_LL_Start)
    USBD_LL_Suspend                          0x0800d1bd   Thumb Code    30  usbd_core.o(.text.USBD_LL_Suspend)
    USBD_LL_Transmit                         0x0800d1dd   Thumb Code    66  usbd_conf.o(.text.USBD_LL_Transmit)
    USBD_ParseSetupRequest                   0x0800d221   Thumb Code    98  usbd_ctlreq.o(.text.USBD_ParseSetupRequest)
    USBD_RegisterClass                       0x0800d285   Thumb Code    86  usbd_core.o(.text.USBD_RegisterClass)
    USBD_RunTestMode                         0x0800d2dd   Thumb Code    10  usbd_core.o(.text.USBD_RunTestMode)
    USBD_SetClassConfig                      0x0800d375   Thumb Code    54  usbd_core.o(.text.USBD_SetClassConfig)
    USBD_Start                               0x0800d54d   Thumb Code    16  usbd_core.o(.text.USBD_Start)
    USBD_StdDevReq                           0x0800d55d   Thumb Code   196  usbd_ctlreq.o(.text.USBD_StdDevReq)
    USBD_StdEPReq                            0x0800d621   Thumb Code   792  usbd_ctlreq.o(.text.USBD_StdEPReq)
    USBD_StdItfReq                           0x0800d939   Thumb Code   154  usbd_ctlreq.o(.text.USBD_StdItfReq)
    USBD_static_free                         0x0800d9d5   Thumb Code     8  usbd_conf.o(.text.USBD_static_free)
    USBD_static_malloc                       0x0800d9dd   Thumb Code    16  usbd_conf.o(.text.USBD_static_malloc)
    USB_ActivateEndpoint                     0x0800d9ed   Thumb Code  1686  stm32g4xx_ll_usb.o(.text.USB_ActivateEndpoint)
    USB_DeactivateEndpoint                   0x0800e085   Thumb Code   864  stm32g4xx_ll_usb.o(.text.USB_DeactivateEndpoint)
    USB_DevConnect                           0x0800e3e5   Thumb Code    24  stm32g4xx_ll_usb.o(.text.USB_DevConnect)
    USB_DevInit                              0x0800e3fd   Thumb Code    40  stm32g4xx_ll_usb.o(.text.USB_DevInit)
    USB_DisableGlobalInt                     0x0800e425   Thumb Code    30  stm32g4xx_ll_usb.o(.text.USB_DisableGlobalInt)
    USB_EPClearStall                         0x0800e445   Thumb Code   328  stm32g4xx_ll_usb.o(.text.USB_EPClearStall)
    USB_EPSetStall                           0x0800e58d   Thumb Code   136  stm32g4xx_ll_usb.o(.text.USB_EPSetStall)
    USB_EPStartXfer                          0x0800e615   Thumb Code  3606  stm32g4xx_ll_usb.o(.text.USB_EPStartXfer)
    USB_EnableGlobalInt                      0x0800f42d   Thumb Code    30  stm32g4xx_ll_usb.o(.text.USB_EnableGlobalInt)
    USB_LP_IRQHandler                        0x0800f44d   Thumb Code    16  stm32g4xx_it.o(.text.USB_LP_IRQHandler)
    USB_ReadInterrupts                       0x0800f45d   Thumb Code    18  stm32g4xx_ll_usb.o(.text.USB_ReadInterrupts)
    USB_ReadPMA                              0x0800f471   Thumb Code   132  stm32g4xx_ll_usb.o(.text.USB_ReadPMA)
    USB_SetDevAddress                        0x0800f4f5   Thumb Code    32  stm32g4xx_ll_usb.o(.text.USB_SetDevAddress)
    USB_WritePMA                             0x0800f515   Thumb Code   122  stm32g4xx_ll_usb.o(.text.USB_WritePMA)
    UsageFault_Handler                       0x0800f591   Thumb Code     4  stm32g4xx_it.o(.text.UsageFault_Handler)
    Velocity_Closed_Loop                     0x0800f595   Thumb Code   468  foc.o(.text.Velocity_Closed_Loop)
    Velocity_Get                             0x0800f769   Thumb Code   216  foc.o(.text.Velocity_Get)
    Voltage_Open_Loop                        0x0800f841   Thumb Code   168  foc.o(.text.Voltage_Open_Loop)
    current_position                         0x0800f9a9   Thumb Code   636  foc.o(.text.current_position)
    main                                     0x0800fc25   Thumb Code    76  main.o(.text.main)
    position_max                             0x0800fc71   Thumb Code   456  foc.o(.text.position_max)
    single_vel_cloop                         0x0800fe39   Thumb Code   284  foc.o(.text.single_vel_cloop)
    vofa_Receive                             0x0800ff55   Thumb Code   142  vofa.o(.text.vofa_Receive)
    __btod_div_common                        0x08010011   Thumb Code   696  btod.o(CL$$btod_div_common)
    _e2d                                     0x08010349   Thumb Code   122  btod.o(CL$$btod_e2d)
    _e2e                                     0x080103cd   Thumb Code   220  btod.o(CL$$btod_e2e)
    _btod_ediv                               0x080104a9   Thumb Code    42  btod.o(CL$$btod_ediv)
    _btod_edivd                              0x080104d3   Thumb Code    42  btod.o(CL$$btod_edivd)
    _btod_emul                               0x080104fd   Thumb Code    42  btod.o(CL$$btod_emul)
    _btod_emuld                              0x08010527   Thumb Code    42  btod.o(CL$$btod_emuld)
    __btod_mult_common                       0x08010551   Thumb Code   580  btod.o(CL$$btod_mult_common)
    __ARM_fpclassifyf                        0x08010795   Thumb Code    38  fpclassifyf.o(i.__ARM_fpclassifyf)
    __hardfp___mathlib_tofloat               0x080107c1   Thumb Code   232  narrow.o(i.__hardfp___mathlib_tofloat)
    __hardfp_atof                            0x080108b9   Thumb Code    46  atof.o(i.__hardfp_atof)
    __hardfp_cosf                            0x080108f1   Thumb Code   280  cosf.o(i.__hardfp_cosf)
    __hardfp_fmodf                           0x08010a41   Thumb Code   176  fmodf.o(i.__hardfp_fmodf)
    __hardfp_ldexp                           0x08010af1   Thumb Code   200  ldexp.o(i.__hardfp_ldexp)
    __hardfp_roundf                          0x08010bc1   Thumb Code   154  roundf.o(i.__hardfp_roundf)
    __hardfp_sinf                            0x08010c5d   Thumb Code   344  sinf.o(i.__hardfp_sinf)
    __mathlib_dbl_overflow                   0x08010df1   Thumb Code    24  dunder.o(i.__mathlib_dbl_overflow)
    __mathlib_dbl_underflow                  0x08010e11   Thumb Code    24  dunder.o(i.__mathlib_dbl_underflow)
    __mathlib_flt_infnan                     0x08010e31   Thumb Code     6  funder.o(i.__mathlib_flt_infnan)
    __mathlib_flt_invalid                    0x08010e39   Thumb Code    10  funder.o(i.__mathlib_flt_invalid)
    __mathlib_flt_underflow                  0x08010e49   Thumb Code    10  funder.o(i.__mathlib_flt_underflow)
    __mathlib_narrow                         0x08010e59   Thumb Code    18  narrow.o(i.__mathlib_narrow)
    __mathlib_rredf2                         0x08010e6d   Thumb Code   316  rredf.o(i.__mathlib_rredf2)
    __support_ldexp                          0x08010fc1   Thumb Code    20  ldexp.o(i.__support_ldexp)
    _is_digit                                0x08010fd5   Thumb Code    14  scanf_fp.o(i._is_digit)
    frexp                                    0x08010fe9   Thumb Code   118  frexp.o(i.frexp)
    _get_lc_numeric                          0x08011075   Thumb Code    44  lc_numeric_c.o(locale$$code)
    _get_lc_ctype                            0x080110a1   Thumb Code    44  lc_ctype_c.o(locale$$code)
    __aeabi_d2f                              0x080110cd   Thumb Code     0  d2f.o(x$fpl$d2f)
    _d2f                                     0x080110cd   Thumb Code    98  d2f.o(x$fpl$d2f)
    __aeabi_dadd                             0x08011131   Thumb Code     0  daddsub_clz.o(x$fpl$dadd)
    _dadd                                    0x08011131   Thumb Code   332  daddsub_clz.o(x$fpl$dadd)
    __fpl_dcheck_NaN1                        0x08011281   Thumb Code    10  dcheck1.o(x$fpl$dcheck1)
    __fpl_dcmp_Inf                           0x08011291   Thumb Code    24  dcmpi.o(x$fpl$dcmpinf)
    __aeabi_cdcmpeq                          0x080112a9   Thumb Code     0  deqf.o(x$fpl$deqf)
    _dcmpeq                                  0x080112a9   Thumb Code   120  deqf.o(x$fpl$deqf)
    __aeabi_cdcmple                          0x08011321   Thumb Code     0  dleqf.o(x$fpl$dleqf)
    _dcmple                                  0x08011321   Thumb Code   120  dleqf.o(x$fpl$dleqf)
    __fpl_dcmple_InfNaN                      0x08011383   Thumb Code     0  dleqf.o(x$fpl$dleqf)
    __aeabi_dmul                             0x08011399   Thumb Code     0  dmul.o(x$fpl$dmul)
    _dmul                                    0x08011399   Thumb Code   332  dmul.o(x$fpl$dmul)
    __fpl_dnaninf                            0x080114ed   Thumb Code   156  dnaninf.o(x$fpl$dnaninf)
    __fpl_dretinf                            0x08011589   Thumb Code    12  dretinf.o(x$fpl$dretinf)
    __aeabi_cdrcmple                         0x08011595   Thumb Code     0  drleqf.o(x$fpl$drleqf)
    _drcmple                                 0x08011595   Thumb Code   108  drleqf.o(x$fpl$drleqf)
    __aeabi_dsub                             0x08011601   Thumb Code     0  daddsub_clz.o(x$fpl$dsub)
    _dsub                                    0x08011601   Thumb Code   472  daddsub_clz.o(x$fpl$dsub)
    __aeabi_f2d                              0x080117dd   Thumb Code     0  f2d.o(x$fpl$f2d)
    _f2d                                     0x080117dd   Thumb Code    86  f2d.o(x$fpl$f2d)
    __fpl_fnaninf                            0x08011833   Thumb Code   140  fnaninf.o(x$fpl$fnaninf)
    _fp_init                                 0x080118bf   Thumb Code    26  fpinit.o(x$fpl$fpinit)
    __fplib_config_fpu_vfp                   0x080118d7   Thumb Code     0  fpinit.o(x$fpl$fpinit)
    __fplib_config_pureend_doubles           0x080118d7   Thumb Code     0  fpinit.o(x$fpl$fpinit)
    _frem                                    0x080118d9   Thumb Code   240  frem_clz.o(x$fpl$frem)
    __fpl_fretinf                            0x080119cd   Thumb Code    10  fretinf.o(x$fpl$fretinf)
    _frnd                                    0x080119d9   Thumb Code    96  frnd.o(x$fpl$frnd)
    __ieee_status                            0x08011a39   Thumb Code     6  istatus.o(x$fpl$ieeestatus)
    __fpl_return_NaN                         0x08011a3f   Thumb Code   100  retnan.o(x$fpl$retnan)
    __ARM_scalbn                             0x08011aa3   Thumb Code    92  scalbn.o(x$fpl$scalbn)
    _scanf_real                              0x08011aff   Thumb Code     4  scanf1.o(x$fpl$scanf1)
    _scanf_hex_real                          0x08011b03   Thumb Code     4  scanf2.o(x$fpl$scanf2)
    _scanf_infnan                            0x08011b07   Thumb Code     4  scanf2.o(x$fpl$scanf2)
    __fpl_cmpreturn                          0x08011b0b   Thumb Code    48  trapv.o(x$fpl$trapveneer)
    __I$use$fp                               0x08011b3a   Number         0  usenofp.o(x$fpl$usenofp)
    AHBPrescTable                            0x08011bf0   Data          16  system_stm32g4xx.o(.rodata.AHBPrescTable)
    Region$$Table$$Base                      0x08011c5c   Number         0  anon$$obj.o(Region$$Table)
    Region$$Table$$Limit                     0x08011c7c   Number         0  anon$$obj.o(Region$$Table)
    __aeabi_HUGE_VAL                         0x08011c7c   Data           0  fpconst.o(c$$dinf)
    __aeabi_HUGE_VALL                        0x08011c7c   Data           0  fpconst.o(c$$dinf)
    __aeabi_INFINITY                         0x08011c7c   Data           0  fpconst.o(c$$dinf)
    __dInf                                   0x08011c7c   Data           0  fpconst.o(c$$dinf)
    __huge_val                               0x08011c7c   Data           0  fpconst.o(c$$dinf)
    __dbl_max                                0x08011c84   Data           0  fpconst.o(c$$dmax)
    __ctype                                  0x08011cb5   Data           0  lc_ctype_c.o(locale$$data)
    CDC_Desc                                 0x20000000   Data          32  usbd_desc.o(.data.CDC_Desc)
    SystemCoreClock                          0x20000020   Data           4  system_stm32g4xx.o(.data.SystemCoreClock)
    USBD_CDC                                 0x20000024   Data          56  usbd_cdc.o(.data.USBD_CDC)
    USBD_CDC_DeviceDesc                      0x200000e4   Data          18  usbd_desc.o(.data.USBD_CDC_DeviceDesc)
    USBD_Interface_fops_FS                   0x20000148   Data          20  usbd_cdc_if.o(.data.USBD_Interface_fops_FS)
    USBD_LangIDDesc                          0x2000015c   Data           4  usbd_desc.o(.data.USBD_LangIDDesc)
    USBD_StringSerial                        0x20000160   Data          26  usbd_desc.o(.data.USBD_StringSerial)
    debug_i_d                                0x2000017c   Data           4  foc.o(.data.debug_i_d)
    debug_i_q                                0x20000180   Data           4  foc.o(.data.debug_i_q)
    debug_p_d                                0x20000184   Data           4  foc.o(.data.debug_p_d)
    debug_p_q                                0x20000188   Data           4  foc.o(.data.debug_p_q)
    debug_position_target                    0x2000018c   Data           4  foc.o(.data.debug_position_target)
    debug_target_q                           0x20000190   Data           4  foc.o(.data.debug_target_q)
    debug_vel_lb                             0x20000194   Data           4  foc.o(.data.debug_vel_lb)
    debug_vel_target                         0x20000198   Data           4  foc.o(.data.debug_vel_target)
    uwTickFreq                               0x200001a0   Data           4  stm32g4xx_hal.o(.data.uwTickFreq)
    uwTickPrio                               0x200001a4   Data           4  stm32g4xx_hal.o(.data.uwTickPrio)
    __libspace_start                         0x200001a8   Data          96  libspace.o(.bss)
    GI_D                                     0x20000208   Data          32  foc.o(.bss.GI_D)
    __temporary_stack_top$libspace           0x20000208   Data           0  libspace.o(.bss)
    GI_Q                                     0x20000228   Data          32  foc.o(.bss.GI_Q)
    GPOS                                     0x20000248   Data          32  foc.o(.bss.GPOS)
    GVEL                                     0x20000268   Data          32  foc.o(.bss.GVEL)
    I_a_b                                    0x2000028c   Data           8  foc.o(.bss.I_a_b)
    I_alpha_beta                             0x20000294   Data           8  foc.o(.bss.I_alpha_beta)
    I_d_q                                    0x2000029c   Data           8  foc.o(.bss.I_d_q)
    SVPWM                                    0x200002a4   Data          76  foc.o(.bss.SVPWM)
    USBD_StrDesc                             0x200002f4   Data         512  usbd_desc.o(.bss.USBD_StrDesc)
    UserRxBufferFS                           0x20000714   Data        2048  usbd_cdc_if.o(.bss.UserRxBufferFS)
    UserTxBufferFS                           0x20000f14   Data        2048  usbd_cdc_if.o(.bss.UserTxBufferFS)
    V_alpha_beta                             0x20001714   Data           8  foc.o(.bss.V_alpha_beta)
    V_d_q                                    0x2000171c   Data           8  foc.o(.bss.V_d_q)
    a                                        0x20001728   Data           4  main.o(.bss.a)
    act                                      0x2000172c   Data           4  foc.o(.bss.act)
    current                                  0x20001730   Data          56  foc.o(.bss.current)
    current_count                            0x20001768   Data           4  foc.o(.bss.current_count)
    debug_target_d                           0x20001774   Data           4  foc.o(.bss.debug_target_d)
    hUsbDeviceFS                             0x20001778   Data         720  usb_device.o(.bss.hUsbDeviceFS)
    hadc1                                    0x20001a48   Data         108  adc.o(.bss.hadc1)
    hadc2                                    0x20001ab4   Data         108  adc.o(.bss.hadc2)
    hdma_spi1_rx                             0x20001b20   Data          96  spi.o(.bss.hdma_spi1_rx)
    hdma_spi1_tx                             0x20001b80   Data          96  spi.o(.bss.hdma_spi1_tx)
    hpcd_USB_FS                              0x20001be0   Data         732  usbd_conf.o(.bss.hpcd_USB_FS)
    hspi1                                    0x20001ebc   Data         100  spi.o(.bss.hspi1)
    htim1                                    0x20001f20   Data          76  tim.o(.bss.htim1)
    htim2                                    0x20001f6c   Data          76  tim.o(.bss.htim2)
    math_emavg1                              0x20001fb8   Data          12  foc.o(.bss.math_emavg1)
    motor                                    0x20001fc4   Data          44  foc.o(.bss.motor)
    mt6816                                   0x20001ff0   Data           6  mt6816.o(.bss.mt6816)
    mt6816_spi                               0x20001ff6   Data           6  mt6816.o(.bss.mt6816_spi)
    receive_buf                              0x20001ffc   Data         100  vofa.o(.bss.receive_buf)
    uwTick                                   0x20002064   Data           4  stm32g4xx_hal.o(.bss.uwTick)
    voltage                                  0x20002068   Data          32  foc.o(.bss.voltage)



==============================================================================

Memory Map of the image

  Image Entry point : 0x080001d9

  Load Region LR_IROM1 (Base: 0x08000000, Size: 0x00011f60, Max: 0x00080000, ABSOLUTE, COMPRESSED[0x00011ea0])

    Execution Region ER_IROM1 (Exec base: 0x08000000, Load base: 0x08000000, Size: 0x00011db8, Max: 0x00080000, ABSOLUTE)

    Exec Addr    Load Addr    Size         Type   Attr      Idx    E Section Name        Object

    0x08000000   0x08000000   0x000001d8   Data   RO            3    RESET               startup_stm32g474xx.o
    0x080001d8   0x080001d8   0x00000008   Code   RO         2130  * !!!main             c_w.l(__main.o)
    0x080001e0   0x080001e0   0x00000034   Code   RO         2574    !!!scatter          c_w.l(__scatter.o)
    0x08000214   0x08000214   0x0000005a   Code   RO         2572    !!dczerorl2         c_w.l(__dczerorl2.o)
    0x0800026e   0x0800026e   0x00000002   PAD
    0x08000270   0x08000270   0x0000001c   Code   RO         2576    !!handler_zi        c_w.l(__scatter_zi.o)
    0x0800028c   0x0800028c   0x00000002   Code   RO         2319    .ARM.Collect$$libinit$$00000000  c_w.l(libinit.o)
    0x0800028e   0x0800028e   0x00000004   Code   RO         2320    .ARM.Collect$$libinit$$00000001  c_w.l(libinit2.o)
    0x08000292   0x08000292   0x00000000   Code   RO         2323    .ARM.Collect$$libinit$$00000004  c_w.l(libinit2.o)
    0x08000292   0x08000292   0x00000000   Code   RO         2326    .ARM.Collect$$libinit$$0000000A  c_w.l(libinit2.o)
    0x08000292   0x08000292   0x00000000   Code   RO         2328    .ARM.Collect$$libinit$$0000000C  c_w.l(libinit2.o)
    0x08000292   0x08000292   0x00000000   Code   RO         2330    .ARM.Collect$$libinit$$0000000E  c_w.l(libinit2.o)
    0x08000292   0x08000292   0x00000006   Code   RO         2331    .ARM.Collect$$libinit$$0000000F  c_w.l(libinit2.o)
    0x08000298   0x08000298   0x00000000   Code   RO         2333    .ARM.Collect$$libinit$$00000011  c_w.l(libinit2.o)
    0x08000298   0x08000298   0x0000000c   Code   RO         2334    .ARM.Collect$$libinit$$00000012  c_w.l(libinit2.o)
    0x080002a4   0x080002a4   0x00000000   Code   RO         2335    .ARM.Collect$$libinit$$00000013  c_w.l(libinit2.o)
    0x080002a4   0x080002a4   0x00000000   Code   RO         2337    .ARM.Collect$$libinit$$00000015  c_w.l(libinit2.o)
    0x080002a4   0x080002a4   0x0000000a   Code   RO         2338    .ARM.Collect$$libinit$$00000016  c_w.l(libinit2.o)
    0x080002ae   0x080002ae   0x00000000   Code   RO         2339    .ARM.Collect$$libinit$$00000017  c_w.l(libinit2.o)
    0x080002ae   0x080002ae   0x00000000   Code   RO         2341    .ARM.Collect$$libinit$$00000019  c_w.l(libinit2.o)
    0x080002ae   0x080002ae   0x00000000   Code   RO         2343    .ARM.Collect$$libinit$$0000001B  c_w.l(libinit2.o)
    0x080002ae   0x080002ae   0x00000000   Code   RO         2345    .ARM.Collect$$libinit$$0000001D  c_w.l(libinit2.o)
    0x080002ae   0x080002ae   0x00000000   Code   RO         2347    .ARM.Collect$$libinit$$0000001F  c_w.l(libinit2.o)
    0x080002ae   0x080002ae   0x00000000   Code   RO         2349    .ARM.Collect$$libinit$$00000021  c_w.l(libinit2.o)
    0x080002ae   0x080002ae   0x00000000   Code   RO         2351    .ARM.Collect$$libinit$$00000023  c_w.l(libinit2.o)
    0x080002ae   0x080002ae   0x00000000   Code   RO         2353    .ARM.Collect$$libinit$$00000025  c_w.l(libinit2.o)
    0x080002ae   0x080002ae   0x00000000   Code   RO         2357    .ARM.Collect$$libinit$$0000002C  c_w.l(libinit2.o)
    0x080002ae   0x080002ae   0x00000000   Code   RO         2359    .ARM.Collect$$libinit$$0000002E  c_w.l(libinit2.o)
    0x080002ae   0x080002ae   0x00000000   Code   RO         2361    .ARM.Collect$$libinit$$00000030  c_w.l(libinit2.o)
    0x080002ae   0x080002ae   0x00000000   Code   RO         2363    .ARM.Collect$$libinit$$00000032  c_w.l(libinit2.o)
    0x080002ae   0x080002ae   0x00000002   Code   RO         2364    .ARM.Collect$$libinit$$00000033  c_w.l(libinit2.o)
    0x080002b0   0x080002b0   0x00000002   Code   RO         2498    .ARM.Collect$$libshutdown$$00000000  c_w.l(libshutdown.o)
    0x080002b2   0x080002b2   0x00000000   Code   RO         2521    .ARM.Collect$$libshutdown$$00000002  c_w.l(libshutdown2.o)
    0x080002b2   0x080002b2   0x00000000   Code   RO         2523    .ARM.Collect$$libshutdown$$00000004  c_w.l(libshutdown2.o)
    0x080002b2   0x080002b2   0x00000000   Code   RO         2526    .ARM.Collect$$libshutdown$$00000007  c_w.l(libshutdown2.o)
    0x080002b2   0x080002b2   0x00000000   Code   RO         2529    .ARM.Collect$$libshutdown$$0000000A  c_w.l(libshutdown2.o)
    0x080002b2   0x080002b2   0x00000000   Code   RO         2531    .ARM.Collect$$libshutdown$$0000000C  c_w.l(libshutdown2.o)
    0x080002b2   0x080002b2   0x00000000   Code   RO         2534    .ARM.Collect$$libshutdown$$0000000F  c_w.l(libshutdown2.o)
    0x080002b2   0x080002b2   0x00000002   Code   RO         2535    .ARM.Collect$$libshutdown$$00000010  c_w.l(libshutdown2.o)
    0x080002b4   0x080002b4   0x00000000   Code   RO         2182    .ARM.Collect$$rtentry$$00000000  c_w.l(__rtentry.o)
    0x080002b4   0x080002b4   0x00000000   Code   RO         2249    .ARM.Collect$$rtentry$$00000002  c_w.l(__rtentry2.o)
    0x080002b4   0x080002b4   0x00000006   Code   RO         2261    .ARM.Collect$$rtentry$$00000004  c_w.l(__rtentry4.o)
    0x080002ba   0x080002ba   0x00000000   Code   RO         2251    .ARM.Collect$$rtentry$$00000009  c_w.l(__rtentry2.o)
    0x080002ba   0x080002ba   0x00000004   Code   RO         2252    .ARM.Collect$$rtentry$$0000000A  c_w.l(__rtentry2.o)
    0x080002be   0x080002be   0x00000000   Code   RO         2254    .ARM.Collect$$rtentry$$0000000C  c_w.l(__rtentry2.o)
    0x080002be   0x080002be   0x00000008   Code   RO         2255    .ARM.Collect$$rtentry$$0000000D  c_w.l(__rtentry2.o)
    0x080002c6   0x080002c6   0x00000002   Code   RO         2365    .ARM.Collect$$rtexit$$00000000  c_w.l(rtexit.o)
    0x080002c8   0x080002c8   0x00000000   Code   RO         2432    .ARM.Collect$$rtexit$$00000002  c_w.l(rtexit2.o)
    0x080002c8   0x080002c8   0x00000004   Code   RO         2433    .ARM.Collect$$rtexit$$00000003  c_w.l(rtexit2.o)
    0x080002cc   0x080002cc   0x00000006   Code   RO         2434    .ARM.Collect$$rtexit$$00000004  c_w.l(rtexit2.o)
    0x080002d2   0x080002d2   0x00000002   PAD
    0x080002d4   0x080002d4   0x00000040   Code   RO            4    .text               startup_stm32g474xx.o
    0x08000314   0x08000314   0x00000024   Code   RO         2120    .text               c_w.l(strstr.o)
    0x08000338   0x08000338   0x0000003e   Code   RO         2122    .text               c_w.l(strlen.o)
    0x08000376   0x08000376   0x0000008a   Code   RO         2124    .text               c_w.l(rt_memcpy_v6.o)
    0x08000400   0x08000400   0x0000004e   Code   RO         2126    .text               c_w.l(rt_memclr_w.o)
    0x0800044e   0x0800044e   0x00000006   Code   RO         2128    .text               c_w.l(heapauxi.o)
    0x08000454   0x08000454   0x00000016   Code   RO         2183    .text               c_w.l(_rserrno.o)
    0x0800046a   0x0800046a   0x00000002   PAD
    0x0800046c   0x0800046c   0x000000b0   Code   RO         2185    .text               c_w.l(strtod.o)
    0x0800051c   0x0800051c   0x00000064   Code   RO         2187    .text               c_w.l(rt_memcpy_w.o)
    0x08000580   0x08000580   0x00000008   Code   RO         2266    .text               c_w.l(rt_errno_addr_intlibspace.o)
    0x08000588   0x08000588   0x00000012   Code   RO         2268    .text               c_w.l(isspace.o)
    0x0800059a   0x0800059a   0x00000040   Code   RO         2270    .text               c_w.l(_sgetc.o)
    0x080005da   0x080005da   0x00000002   PAD
    0x080005dc   0x080005dc   0x00000008   Code   RO         2297    .text               c_w.l(libspace.o)
    0x080005e4   0x080005e4   0x0000004a   Code   RO         2300    .text               c_w.l(sys_stackheap_outer.o)
    0x0800062e   0x0800062e   0x00000002   PAD
    0x08000630   0x08000630   0x00000010   Code   RO         2302    .text               c_w.l(rt_ctype_table.o)
    0x08000640   0x08000640   0x000004f8   Code   RO         2304    .text               c_w.l(scanf_fp.o)
    0x08000b38   0x08000b38   0x00000012   Code   RO         2310    .text               c_w.l(exit.o)
    0x08000b4a   0x08000b4a   0x00000006   PAD
    0x08000b50   0x08000b50   0x0000007c   Code   RO         2312    .text               c_w.l(strcmpv7em.o)
    0x08000bcc   0x08000bcc   0x00000008   Code   RO         2370    .text               c_w.l(rt_locale_intlibspace.o)
    0x08000bd4   0x08000bd4   0x00000026   Code   RO         2372    .text               c_w.l(llshl.o)
    0x08000bfa   0x08000bfa   0x00000002   PAD
    0x08000bfc   0x08000bfc   0x000000e4   Code   RO         2376    .text               c_w.l(bigflt0.o)
    0x08000ce0   0x08000ce0   0x00000320   Code   RO         2457    .text               c_w.l(scanf_hexfp.o)
    0x08001000   0x08001000   0x00000134   Code   RO         2459    .text               c_w.l(scanf_infnan.o)
    0x08001134   0x08001134   0x0000000c   Code   RO         2479    .text               c_w.l(sys_exit.o)
    0x08001140   0x08001140   0x0000001c   Code   RO         2490    .text               c_w.l(_chval.o)
    0x0800115c   0x0800115c   0x00000002   Code   RO         2511    .text               c_w.l(use_no_semi.o)
    0x0800115e   0x0800115e   0x00000000   Code   RO         2513    .text               c_w.l(indicate_semi.o)
    0x0800115e   0x0800115e   0x00000002   PAD
    0x08001160   0x08001160   0x0000001c   Code   RO          166    .text.ADC1_2_IRQHandler  stm32g4xx_it.o
    0x0800117c   0x0800117c   0x0000014c   Code   RO          937    .text.ADC_Enable    stm32g4xx_hal_adc.o
    0x080012c8   0x080012c8   0x00000004   Code   RO          150    .text.BusFault_Handler  stm32g4xx_it.o
    0x080012cc   0x080012cc   0x0000005c   Code   RO         1952    .text.CDC_Control_FS  usbd_cdc_if.o
    0x08001328   0x08001328   0x00000004   Code   RO         1950    .text.CDC_DeInit_FS  usbd_cdc_if.o
    0x0800132c   0x0800132c   0x00000032   Code   RO         1948    .text.CDC_Init_FS   usbd_cdc_if.o
    0x0800135e   0x0800135e   0x00000002   PAD
    0x08001360   0x08001360   0x00000036   Code   RO         1954    .text.CDC_Receive_FS  usbd_cdc_if.o
    0x08001396   0x08001396   0x00000002   PAD
    0x08001398   0x08001398   0x00000018   Code   RO         1956    .text.CDC_TransmitCplt_FS  usbd_cdc_if.o
    0x080013b0   0x080013b0   0x00000060   Code   RO         1958    .text.CDC_Transmit_FS  usbd_cdc_if.o
    0x08001410   0x08001410   0x00000038   Code   RO         1751    .text.Clarke_Run    foc.o
    0x08001448   0x08001448   0x000000cc   Code   RO         1727    .text.Current_Caloffset  foc.o
    0x08001514   0x08001514   0x00000160   Code   RO         1759    .text.Current_Closed_Loop  foc.o
    0x08001674   0x08001674   0x000000f8   Code   RO         1729    .text.Current_Get   foc.o
    0x0800176c   0x0800176c   0x00000010   Code   RO          162    .text.DMA1_Channel2_IRQHandler  stm32g4xx_it.o
    0x0800177c   0x0800177c   0x00000010   Code   RO          164    .text.DMA1_Channel3_IRQHandler  stm32g4xx_it.o
    0x0800178c   0x0800178c   0x00000074   Code   RO          662    .text.DMA_CalcDMAMUXChannelBaseAndMask  stm32g4xx_hal_dma.o
    0x08001800   0x08001800   0x0000003c   Code   RO          664    .text.DMA_CalcDMAMUXRequestGenBaseAndMask  stm32g4xx_hal_dma.o
    0x0800183c   0x0800183c   0x00000002   Code   RO          156    .text.DebugMon_Handler  stm32g4xx_it.o
    0x0800183e   0x0800183e   0x00000002   PAD
    0x08001840   0x08001840   0x00000170   Code   RO         1749    .text.Drag_IF_Mode  foc.o
    0x080019b0   0x080019b0   0x000000e8   Code   RO         1743    .text.Drag_VF_Mode  foc.o
    0x08001a98   0x08001a98   0x0000000e   Code   RO           64    .text.Error_Handler  main.o
    0x08001aa6   0x08001aa6   0x00000002   PAD
    0x08001aa8   0x08001aa8   0x00000150   Code   RO         1737    .text.FOC_Init      foc.o
    0x08001bf8   0x08001bf8   0x00000064   Code   RO         1775    .text.FOC_Run       foc.o
    0x08001c5c   0x08001c5c   0x0000005c   Code   RO         1931    .text.Get_SerialNum  usbd_desc.o
    0x08001cb8   0x08001cb8   0x00000008   Code   RO         1110    .text.HAL_ADCEx_EndOfSamplingCallback  stm32g4xx_hal_adc_ex.o
    0x08001cc0   0x08001cc0   0x00000aca   Code   RO         1120    .text.HAL_ADCEx_InjectedConfigChannel  stm32g4xx_hal_adc_ex.o
    0x0800278a   0x0800278a   0x00000002   PAD
    0x0800278c   0x0800278c   0x0000003c   Code   RO           11    .text.HAL_ADCEx_InjectedConvCpltCallback  foc_lab.o
    0x080027c8   0x080027c8   0x0000006c   Code   RO         1100    .text.HAL_ADCEx_InjectedGetValue  stm32g4xx_hal_adc_ex.o
    0x08002834   0x08002834   0x00000008   Code   RO         1104    .text.HAL_ADCEx_InjectedQueueOverflowCallback  stm32g4xx_hal_adc_ex.o
    0x0800283c   0x0800283c   0x0000027c   Code   RO         1088    .text.HAL_ADCEx_InjectedStart_IT  stm32g4xx_hal_adc_ex.o
    0x08002ab8   0x08002ab8   0x00000008   Code   RO         1106    .text.HAL_ADCEx_LevelOutOfWindow2Callback  stm32g4xx_hal_adc_ex.o
    0x08002ac0   0x08002ac0   0x00000008   Code   RO         1108    .text.HAL_ADCEx_LevelOutOfWindow3Callback  stm32g4xx_hal_adc_ex.o
    0x08002ac8   0x08002ac8   0x000002f2   Code   RO         1142    .text.HAL_ADCEx_MultiModeConfigChannel  stm32g4xx_hal_adc_ex.o
    0x08002dba   0x08002dba   0x00000002   PAD
    0x08002dbc   0x08002dbc   0x000008f6   Code   RO          983    .text.HAL_ADC_ConfigChannel  stm32g4xx_hal_adc.o
    0x080036b2   0x080036b2   0x00000002   PAD
    0x080036b4   0x080036b4   0x00000008   Code   RO          973    .text.HAL_ADC_ConvCpltCallback  stm32g4xx_hal_adc.o
    0x080036bc   0x080036bc   0x00000008   Code   RO          979    .text.HAL_ADC_ErrorCallback  stm32g4xx_hal_adc.o
    0x080036c4   0x080036c4   0x000005ae   Code   RO          971    .text.HAL_ADC_IRQHandler  stm32g4xx_hal_adc.o
    0x08003c72   0x08003c72   0x00000002   PAD
    0x08003c74   0x08003c74   0x000003de   Code   RO          905    .text.HAL_ADC_Init  stm32g4xx_hal_adc.o
    0x08004052   0x08004052   0x00000002   PAD
    0x08004054   0x08004054   0x00000008   Code   RO          977    .text.HAL_ADC_LevelOutOfWindowCallback  stm32g4xx_hal_adc.o
    0x0800405c   0x0800405c   0x0000017a   Code   RO           87    .text.HAL_ADC_MspInit  adc.o
    0x080041d6   0x080041d6   0x00000002   PAD
    0x080041d8   0x080041d8   0x000000c2   Code   RO          676    .text.HAL_DMA_Abort_IT  stm32g4xx_hal_dma.o
    0x0800429a   0x0800429a   0x00000002   PAD
    0x0800429c   0x0800429c   0x00000156   Code   RO          680    .text.HAL_DMA_IRQHandler  stm32g4xx_hal_dma.o
    0x080043f2   0x080043f2   0x00000002   PAD
    0x080043f4   0x080043f4   0x00000156   Code   RO          660    .text.HAL_DMA_Init  stm32g4xx_hal_dma.o
    0x0800454a   0x0800454a   0x00000002   PAD
    0x0800454c   0x0800454c   0x00000042   Code   RO          362    .text.HAL_Delay     stm32g4xx_hal.o
    0x0800458e   0x0800458e   0x00000002   PAD
    0x08004590   0x08004590   0x00000368   Code   RO          612    .text.HAL_GPIO_Init  stm32g4xx_hal_gpio.o
    0x080048f8   0x080048f8   0x0000002c   Code   RO          618    .text.HAL_GPIO_WritePin  stm32g4xx_hal_gpio.o
    0x08004924   0x08004924   0x0000000c   Code   RO          354    .text.HAL_GetTick   stm32g4xx_hal.o
    0x08004930   0x08004930   0x0000001a   Code   RO          352    .text.HAL_IncTick   stm32g4xx_hal.o
    0x0800494a   0x0800494a   0x00000002   PAD
    0x0800494c   0x0800494c   0x00000030   Code   RO          342    .text.HAL_Init      stm32g4xx_hal.o
    0x0800497c   0x0800497c   0x00000088   Code   RO          344    .text.HAL_InitTick  stm32g4xx_hal.o
    0x08004a04   0x08004a04   0x00000048   Code   RO          181    .text.HAL_MspInit   stm32g4xx_hal_msp.o
    0x08004a4c   0x08004a4c   0x00000014   Code   RO          846    .text.HAL_NVIC_EnableIRQ  stm32g4xx_hal_cortex.o
    0x08004a60   0x08004a60   0x0000002e   Code   RO          838    .text.HAL_NVIC_SetPriority  stm32g4xx_hal_cortex.o
    0x08004a8e   0x08004a8e   0x00000002   PAD
    0x08004a90   0x08004a90   0x00000010   Code   RO          834    .text.HAL_NVIC_SetPriorityGrouping  stm32g4xx_hal_cortex.o
    0x08004aa0   0x08004aa0   0x0000003a   Code   RO          278    .text.HAL_PCDEx_ActivateLPM  stm32g4xx_hal_pcd_ex.o
    0x08004ada   0x08004ada   0x00000002   PAD
    0x08004adc   0x08004adc   0x00000072   Code   RO         1891    .text.HAL_PCDEx_LPM_Callback  usbd_conf.o
    0x08004b4e   0x08004b4e   0x00000002   PAD
    0x08004b50   0x08004b50   0x0000007a   Code   RO          268    .text.HAL_PCDEx_PMAConfig  stm32g4xx_hal_pcd_ex.o
    0x08004bca   0x08004bca   0x00000002   PAD
    0x08004bcc   0x08004bcc   0x00000026   Code   RO         1841    .text.HAL_PCD_DataInStageCallback  usbd_conf.o
    0x08004bf2   0x08004bf2   0x00000002   PAD
    0x08004bf4   0x08004bf4   0x00000028   Code   RO         1839    .text.HAL_PCD_DataOutStageCallback  usbd_conf.o
    0x08004c1c   0x08004c1c   0x000000a8   Code   RO          235    .text.HAL_PCD_EP_Close  stm32g4xx_hal_pcd.o
    0x08004cc4   0x08004cc4   0x000000c8   Code   RO          245    .text.HAL_PCD_EP_ClrStall  stm32g4xx_hal_pcd.o
    0x08004d8c   0x08004d8c   0x000001f8   Code   RO          257    .text.HAL_PCD_EP_DB_Receive  stm32g4xx_hal_pcd.o
    0x08004f84   0x08004f84   0x00000748   Code   RO          259    .text.HAL_PCD_EP_DB_Transmit  stm32g4xx_hal_pcd.o
    0x080056cc   0x080056cc   0x00000022   Code   RO          239    .text.HAL_PCD_EP_GetRxCount  stm32g4xx_hal_pcd.o
    0x080056ee   0x080056ee   0x00000002   PAD
    0x080056f0   0x080056f0   0x000000da   Code   RO          233    .text.HAL_PCD_EP_Open  stm32g4xx_hal_pcd.o
    0x080057ca   0x080057ca   0x00000002   PAD
    0x080057cc   0x080057cc   0x0000005a   Code   RO          237    .text.HAL_PCD_EP_Receive  stm32g4xx_hal_pcd.o
    0x08005826   0x08005826   0x00000002   PAD
    0x08005828   0x08005828   0x000000c4   Code   RO          243    .text.HAL_PCD_EP_SetStall  stm32g4xx_hal_pcd.o
    0x080058ec   0x080058ec   0x00000066   Code   RO          241    .text.HAL_PCD_EP_Transmit  stm32g4xx_hal_pcd.o
    0x08005952   0x08005952   0x00000002   PAD
    0x08005954   0x08005954   0x000001e8   Code   RO          201    .text.HAL_PCD_IRQHandler  stm32g4xx_hal_pcd.o
    0x08005b3c   0x08005b3c   0x00000194   Code   RO          189    .text.HAL_PCD_Init  stm32g4xx_hal_pcd.o
    0x08005cd0   0x08005cd0   0x00000070   Code   RO         1833    .text.HAL_PCD_MspInit  usbd_conf.o
    0x08005d40   0x08005d40   0x00000038   Code   RO         1845    .text.HAL_PCD_ResetCallback  usbd_conf.o
    0x08005d78   0x08005d78   0x00000032   Code   RO         1849    .text.HAL_PCD_ResumeCallback  usbd_conf.o
    0x08005daa   0x08005daa   0x00000002   PAD
    0x08005dac   0x08005dac   0x00000014   Code   RO         1843    .text.HAL_PCD_SOFCallback  usbd_conf.o
    0x08005dc0   0x08005dc0   0x0000005c   Code   RO          207    .text.HAL_PCD_SetAddress  stm32g4xx_hal_pcd.o
    0x08005e1c   0x08005e1c   0x00000018   Code   RO         1837    .text.HAL_PCD_SetupStageCallback  usbd_conf.o
    0x08005e34   0x08005e34   0x00000054   Code   RO          197    .text.HAL_PCD_Start  stm32g4xx_hal_pcd.o
    0x08005e88   0x08005e88   0x0000002e   Code   RO         1847    .text.HAL_PCD_SuspendCallback  usbd_conf.o
    0x08005eb6   0x08005eb6   0x00000002   PAD
    0x08005eb8   0x08005eb8   0x000001b4   Code   RO          755    .text.HAL_PWREx_ControlVoltageScaling  stm32g4xx_hal_pwr_ex.o
    0x0800606c   0x0800606c   0x00000012   Code   RO          825    .text.HAL_PWREx_DisableUCPDDeadBattery  stm32g4xx_hal_pwr_ex.o
    0x0800607e   0x0800607e   0x00000002   PAD
    0x08006080   0x08006080   0x00000524   Code   RO          467    .text.HAL_RCCEx_PeriphCLKConfig  stm32g4xx_hal_rcc_ex.o
    0x080065a4   0x080065a4   0x00000326   Code   RO          432    .text.HAL_RCC_ClockConfig  stm32g4xx_hal_rcc.o
    0x080068ca   0x080068ca   0x00000002   PAD
    0x080068cc   0x080068cc   0x000000fc   Code   RO          436    .text.HAL_RCC_GetSysClockFreq  stm32g4xx_hal_rcc.o
    0x080069c8   0x080069c8   0x000007b6   Code   RO          430    .text.HAL_RCC_OscConfig  stm32g4xx_hal_rcc.o
    0x0800717e   0x0800717e   0x00000002   PAD
    0x08007180   0x08007180   0x00000008   Code   RO         1254    .text.HAL_SPI_ErrorCallback  stm32g4xx_hal_spi.o
    0x08007188   0x08007188   0x00000230   Code   RO         1250    .text.HAL_SPI_IRQHandler  stm32g4xx_hal_spi.o
    0x080073b8   0x080073b8   0x0000014c   Code   RO         1166    .text.HAL_SPI_Init  stm32g4xx_hal_spi.o
    0x08007504   0x08007504   0x0000014a   Code   RO          111    .text.HAL_SPI_MspInit  spi.o
    0x0800764e   0x0800764e   0x00000002   PAD
    0x08007650   0x08007650   0x0000044e   Code   RO         1180    .text.HAL_SPI_TransmitReceive  stm32g4xx_hal_spi.o
    0x08007a9e   0x08007a9e   0x00000002   PAD
    0x08007aa0   0x08007aa0   0x00000010   Code   RO          858    .text.HAL_SYSTICK_Config  stm32g4xx_hal_cortex.o
    0x08007ab0   0x08007ab0   0x00000008   Code   RO         1666    .text.HAL_TIMEx_Break2Callback  stm32g4xx_hal_tim_ex.o
    0x08007ab8   0x08007ab8   0x00000008   Code   RO         1664    .text.HAL_TIMEx_BreakCallback  stm32g4xx_hal_tim_ex.o
    0x08007ac0   0x08007ac0   0x00000008   Code   RO         1660    .text.HAL_TIMEx_CommutCallback  stm32g4xx_hal_tim_ex.o
    0x08007ac8   0x08007ac8   0x00000142   Code   RO         1612    .text.HAL_TIMEx_ConfigBreakDeadTime  stm32g4xx_hal_tim_ex.o
    0x08007c0a   0x08007c0a   0x00000002   PAD
    0x08007c0c   0x08007c0c   0x000001d8   Code   RO         1614    .text.HAL_TIMEx_ConfigBreakInput  stm32g4xx_hal_tim_ex.o
    0x08007de4   0x08007de4   0x00000008   Code   RO         1670    .text.HAL_TIMEx_DirectionChangeCallback  stm32g4xx_hal_tim_ex.o
    0x08007dec   0x08007dec   0x00000008   Code   RO         1668    .text.HAL_TIMEx_EncoderIndexCallback  stm32g4xx_hal_tim_ex.o
    0x08007df4   0x08007df4   0x00000008   Code   RO         1672    .text.HAL_TIMEx_IndexErrorCallback  stm32g4xx_hal_tim_ex.o
    0x08007dfc   0x08007dfc   0x00000174   Code   RO         1610    .text.HAL_TIMEx_MasterConfigSynchronization  stm32g4xx_hal_tim_ex.o
    0x08007f70   0x08007f70   0x000001a2   Code   RO         1580    .text.HAL_TIMEx_PWMN_Start  stm32g4xx_hal_tim_ex.o
    0x08008112   0x08008112   0x00000002   PAD
    0x08008114   0x08008114   0x00000008   Code   RO         1674    .text.HAL_TIMEx_TransitionErrorCallback  stm32g4xx_hal_tim_ex.o
    0x0800811c   0x0800811c   0x000000a8   Code   RO         1293    .text.HAL_TIM_Base_Init  stm32g4xx_hal_tim.o
    0x080081c4   0x080081c4   0x000000c2   Code   RO          131    .text.HAL_TIM_Base_MspInit  tim.o
    0x08008286   0x08008286   0x00000002   PAD
    0x08008288   0x08008288   0x000001fc   Code   RO         1489    .text.HAL_TIM_ConfigClockSource  stm32g4xx_hal_tim.o
    0x08008484   0x08008484   0x00000008   Code   RO         1429    .text.HAL_TIM_IC_CaptureCallback  stm32g4xx_hal_tim.o
    0x0800848c   0x0800848c   0x00000300   Code   RO         1427    .text.HAL_TIM_IRQHandler  stm32g4xx_hal_tim.o
    0x0800878c   0x0800878c   0x0000010c   Code   RO          127    .text.HAL_TIM_MspPostInit  tim.o
    0x08008898   0x08008898   0x00000008   Code   RO         1431    .text.HAL_TIM_OC_DelayElapsedCallback  stm32g4xx_hal_tim.o
    0x080088a0   0x080088a0   0x000001b0   Code   RO         1463    .text.HAL_TIM_PWM_ConfigChannel  stm32g4xx_hal_tim.o
    0x08008a50   0x08008a50   0x000000a8   Code   RO         1347    .text.HAL_TIM_PWM_Init  stm32g4xx_hal_tim.o
    0x08008af8   0x08008af8   0x00000008   Code   RO         1349    .text.HAL_TIM_PWM_MspInit  stm32g4xx_hal_tim.o
    0x08008b00   0x08008b00   0x00000008   Code   RO         1433    .text.HAL_TIM_PWM_PulseFinishedCallback  stm32g4xx_hal_tim.o
    0x08008b08   0x08008b08   0x00000298   Code   RO         1355    .text.HAL_TIM_PWM_Start  stm32g4xx_hal_tim.o
    0x08008da0   0x08008da0   0x00000008   Code   RO         1435    .text.HAL_TIM_PeriodElapsedCallback  stm32g4xx_hal_tim.o
    0x08008da8   0x08008da8   0x00000008   Code   RO         1437    .text.HAL_TIM_TriggerCallback  stm32g4xx_hal_tim.o
    0x08008db0   0x08008db0   0x00000004   Code   RO          146    .text.HardFault_Handler  stm32g4xx_it.o
    0x08008db4   0x08008db4   0x00000076   Code   RO         1933    .text.IntToUnicode  usbd_desc.o
    0x08008e2a   0x08008e2a   0x00000002   PAD
    0x08008e2c   0x08008e2c   0x00000084   Code   RO         1745    .text.Inv_Park_Run  foc.o
    0x08008eb0   0x08008eb0   0x00000018   Code   RO          911    .text.LL_ADC_DisableDeepPowerDown  stm32g4xx_hal_adc.o
    0x08008ec8   0x08008ec8   0x0000001c   Code   RO         1041    .text.LL_ADC_Enable  stm32g4xx_hal_adc.o
    0x08008ee4   0x08008ee4   0x0000001e   Code   RO          915    .text.LL_ADC_EnableInternalRegulator  stm32g4xx_hal_adc.o
    0x08008f02   0x08008f02   0x00000002   PAD
    0x08008f04   0x08008f04   0x00000010   Code   RO         1003    .text.LL_ADC_GetCommonPathInternalCh  stm32g4xx_hal_adc.o
    0x08008f14   0x08008f14   0x00000010   Code   RO         1138    .text.LL_ADC_GetCommonPathInternalCh  stm32g4xx_hal_adc_ex.o
    0x08008f24   0x08008f24   0x00000010   Code   RO          945    .text.LL_ADC_GetMultiDMATransfer  stm32g4xx_hal_adc.o
    0x08008f34   0x08008f34   0x00000010   Code   RO          935    .text.LL_ADC_GetMultimode  stm32g4xx_hal_adc.o
    0x08008f44   0x08008f44   0x00000010   Code   RO         1074    .text.LL_ADC_GetMultimode  stm32g4xx_hal_adc_ex.o
    0x08008f54   0x08008f54   0x0000001e   Code   RO          997    .text.LL_ADC_GetOffsetChannel  stm32g4xx_hal_adc.o
    0x08008f72   0x08008f72   0x00000002   PAD
    0x08008f74   0x08008f74   0x0000001e   Code   RO         1132    .text.LL_ADC_GetOffsetChannel  stm32g4xx_hal_adc_ex.o
    0x08008f92   0x08008f92   0x00000002   PAD
    0x08008f94   0x08008f94   0x00000010   Code   RO         1076    .text.LL_ADC_INJ_GetTrigAuto  stm32g4xx_hal_adc_ex.o
    0x08008fa4   0x08008fa4   0x00000010   Code   RO          923    .text.LL_ADC_INJ_IsConversionOngoing  stm32g4xx_hal_adc.o
    0x08008fb4   0x08008fb4   0x00000010   Code   RO         1066    .text.LL_ADC_INJ_IsConversionOngoing  stm32g4xx_hal_adc_ex.o
    0x08008fc4   0x08008fc4   0x00000016   Code   RO          975    .text.LL_ADC_INJ_IsTriggerSourceSWStart  stm32g4xx_hal_adc.o
    0x08008fda   0x08008fda   0x00000002   PAD
    0x08008fdc   0x08008fdc   0x0000001c   Code   RO         1078    .text.LL_ADC_INJ_StartConversion  stm32g4xx_hal_adc_ex.o
    0x08008ff8   0x08008ff8   0x00000010   Code   RO          909    .text.LL_ADC_IsDeepPowerDownEnabled  stm32g4xx_hal_adc.o
    0x08009008   0x08009008   0x00000010   Code   RO          919    .text.LL_ADC_IsEnabled  stm32g4xx_hal_adc.o
    0x08009018   0x08009018   0x00000010   Code   RO         1068    .text.LL_ADC_IsEnabled  stm32g4xx_hal_adc_ex.o
    0x08009028   0x08009028   0x00000010   Code   RO          913    .text.LL_ADC_IsInternalRegulatorEnabled  stm32g4xx_hal_adc.o
    0x08009038   0x08009038   0x00000010   Code   RO          917    .text.LL_ADC_REG_IsConversionOngoing  stm32g4xx_hal_adc.o
    0x08009048   0x08009048   0x00000010   Code   RO         1064    .text.LL_ADC_REG_IsConversionOngoing  stm32g4xx_hal_adc_ex.o
    0x08009058   0x08009058   0x00000016   Code   RO          947    .text.LL_ADC_REG_IsTriggerSourceSWStart  stm32g4xx_hal_adc.o
    0x0800906e   0x0800906e   0x00000002   PAD
    0x08009070   0x08009070   0x0000003a   Code   RO          985    .text.LL_ADC_REG_SetSequencerRanks  stm32g4xx_hal_adc.o
    0x080090aa   0x080090aa   0x00000002   PAD
    0x080090ac   0x080090ac   0x00000036   Code   RO          987    .text.LL_ADC_SetChannelSamplingTime  stm32g4xx_hal_adc.o
    0x080090e2   0x080090e2   0x00000002   PAD
    0x080090e4   0x080090e4   0x00000036   Code   RO         1122    .text.LL_ADC_SetChannelSamplingTime  stm32g4xx_hal_adc_ex.o
    0x0800911a   0x0800911a   0x00000002   PAD
    0x0800911c   0x0800911c   0x00000034   Code   RO         1001    .text.LL_ADC_SetChannelSingleDiff  stm32g4xx_hal_adc.o
    0x08009150   0x08009150   0x00000034   Code   RO         1136    .text.LL_ADC_SetChannelSingleDiff  stm32g4xx_hal_adc_ex.o
    0x08009184   0x08009184   0x0000001a   Code   RO          921    .text.LL_ADC_SetCommonClock  stm32g4xx_hal_adc.o
    0x0800919e   0x0800919e   0x00000002   PAD
    0x080091a0   0x080091a0   0x0000001a   Code   RO         1005    .text.LL_ADC_SetCommonPathInternalCh  stm32g4xx_hal_adc.o
    0x080091ba   0x080091ba   0x00000002   PAD
    0x080091bc   0x080091bc   0x0000001a   Code   RO         1140    .text.LL_ADC_SetCommonPathInternalCh  stm32g4xx_hal_adc_ex.o
    0x080091d6   0x080091d6   0x00000002   PAD
    0x080091d8   0x080091d8   0x0000003c   Code   RO          991    .text.LL_ADC_SetOffset  stm32g4xx_hal_adc.o
    0x08009214   0x08009214   0x0000003c   Code   RO         1126    .text.LL_ADC_SetOffset  stm32g4xx_hal_adc_ex.o
    0x08009250   0x08009250   0x00000028   Code   RO          995    .text.LL_ADC_SetOffsetSaturation  stm32g4xx_hal_adc.o
    0x08009278   0x08009278   0x00000028   Code   RO         1130    .text.LL_ADC_SetOffsetSaturation  stm32g4xx_hal_adc_ex.o
    0x080092a0   0x080092a0   0x00000028   Code   RO          993    .text.LL_ADC_SetOffsetSign  stm32g4xx_hal_adc.o
    0x080092c8   0x080092c8   0x00000028   Code   RO         1128    .text.LL_ADC_SetOffsetSign  stm32g4xx_hal_adc_ex.o
    0x080092f0   0x080092f0   0x00000028   Code   RO          999    .text.LL_ADC_SetOffsetState  stm32g4xx_hal_adc.o
    0x08009318   0x08009318   0x00000028   Code   RO         1134    .text.LL_ADC_SetOffsetState  stm32g4xx_hal_adc_ex.o
    0x08009340   0x08009340   0x0000001a   Code   RO          989    .text.LL_ADC_SetSamplingTimeCommonConfig  stm32g4xx_hal_adc.o
    0x0800935a   0x0800935a   0x00000002   PAD
    0x0800935c   0x0800935c   0x0000001a   Code   RO         1124    .text.LL_ADC_SetSamplingTimeCommonConfig  stm32g4xx_hal_adc_ex.o
    0x08009376   0x08009376   0x00000002   PAD
    0x08009378   0x08009378   0x00000016   Code   RO         1739    .text.MATH_EMAVG_F_Init  foc.o
    0x0800938e   0x0800938e   0x00000002   PAD
    0x08009390   0x08009390   0x0000002e   Code   RO         1763    .text.MATH_EMAVG_F_Run  foc.o
    0x080093be   0x080093be   0x00000002   PAD
    0x080093c0   0x080093c0   0x00000026   Code   RO           49    .text.MT6816_Get_AngleData  mt6816.o
    0x080093e6   0x080093e6   0x00000002   PAD
    0x080093e8   0x080093e8   0x00000154   Code   RO           47    .text.MT6816_SPI_Get_AngleData  mt6816.o
    0x0800953c   0x0800953c   0x00000010   Code   RO           45    .text.MT6816_SPI_Signal_Init  mt6816.o
    0x0800954c   0x0800954c   0x00000184   Code   RO           83    .text.MX_ADC1_Init  adc.o
    0x080096d0   0x080096d0   0x0000009c   Code   RO           85    .text.MX_ADC2_Init  adc.o
    0x0800976c   0x0800976c   0x0000006a   Code   RO          101    .text.MX_DMA_Init   dma.o
    0x080097d6   0x080097d6   0x00000002   PAD
    0x080097d8   0x080097d8   0x0000014e   Code   RO           75    .text.MX_GPIO_Init  gpio.o
    0x08009926   0x08009926   0x00000002   PAD
    0x08009928   0x08009928   0x0000005a   Code   RO          109    .text.MX_SPI1_Init  spi.o
    0x08009982   0x08009982   0x00000002   PAD
    0x08009984   0x08009984   0x000001b0   Code   RO          125    .text.MX_TIM1_Init  tim.o
    0x08009b34   0x08009b34   0x00000080   Code   RO          129    .text.MX_TIM2_Init  tim.o
    0x08009bb4   0x08009bb4   0x00000076   Code   RO         1908    .text.MX_USB_Device_Init  usb_device.o
    0x08009c2a   0x08009c2a   0x00000002   PAD
    0x08009c2c   0x08009c2c   0x0000005c   Code   RO         1757    .text.Mag_To_Electrical  foc.o
    0x08009c88   0x08009c88   0x00000004   Code   RO          148    .text.MemManage_Handler  stm32g4xx_it.o
    0x08009c8c   0x08009c8c   0x00000004   Code   RO          144    .text.NMI_Handler   stm32g4xx_it.o
    0x08009c90   0x08009c90   0x0000006c   Code   RO          844    .text.NVIC_EncodePriority  stm32g4xx_hal_cortex.o
    0x08009cfc   0x08009cfc   0x000006fe   Code   RO          203    .text.PCD_EP_ISR_Handler  stm32g4xx_hal_pcd.o
    0x0800a3fa   0x0800a3fa   0x00000002   PAD
    0x0800a3fc   0x0800a3fc   0x00000096   Code   RO         1747    .text.PWM_Set       foc.o
    0x0800a492   0x0800a492   0x00000002   PAD
    0x0800a494   0x0800a494   0x00000080   Code   RO         1753    .text.Park_Run      foc.o
    0x0800a514   0x0800a514   0x00000002   Code   RO          158    .text.PendSV_Handler  stm32g4xx_it.o
    0x0800a516   0x0800a516   0x00000002   PAD
    0x0800a518   0x0800a518   0x00000134   Code   RO         1824    .text.Pid_Cal       pid.o
    0x0800a64c   0x0800a64c   0x0000004a   Code   RO         1822    .text.Pid_Init      pid.o
    0x0800a696   0x0800a696   0x00000002   PAD
    0x0800a698   0x0800a698   0x0000009c   Code   RO          434    .text.RCC_GetSysClockFreqFromPLLSource  stm32g4xx_hal_rcc.o
    0x0800a734   0x0800a734   0x00000010   Code   RO          172    .text.SPI1_IRQHandler  stm32g4xx_it.o
    0x0800a744   0x0800a744   0x00000022   Code   RO         1252    .text.SPI_DMAAbortOnError  stm32g4xx_hal_spi.o
    0x0800a766   0x0800a766   0x00000002   PAD
    0x0800a768   0x0800a768   0x00000096   Code   RO         1176    .text.SPI_EndRxTxTransaction  stm32g4xx_hal_spi.o
    0x0800a7fe   0x0800a7fe   0x00000002   PAD
    0x0800a800   0x0800a800   0x0000014c   Code   RO         1232    .text.SPI_WaitFifoStateUntilTimeout  stm32g4xx_hal_spi.o
    0x0800a94c   0x0800a94c   0x0000012a   Code   RO         1234    .text.SPI_WaitFlagStateUntilTimeout  stm32g4xx_hal_spi.o
    0x0800aa76   0x0800aa76   0x00000002   PAD
    0x0800aa78   0x0800aa78   0x00000002   Code   RO          154    .text.SVC_Handler   stm32g4xx_it.o
    0x0800aa7a   0x0800aa7a   0x00000006   PAD
    0x0800aa80   0x0800aa80   0x00000148   Code   RO         1715    .text.SVPWM_Cal_Time  svpwm.o
    0x0800abc8   0x0800abc8   0x000003d4   Code   RO         1717    .text.SVPWM_Run     svpwm.o
    0x0800af9c   0x0800af9c   0x00000036   Code   RO         2042    .text.SWAPBYTE      usbd_ctlreq.o
    0x0800afd2   0x0800afd2   0x00000002   PAD
    0x0800afd4   0x0800afd4   0x00000052   Code   RO          860    .text.SysTick_Config  stm32g4xx_hal_cortex.o
    0x0800b026   0x0800b026   0x00000002   PAD
    0x0800b028   0x0800b028   0x00000008   Code   RO          160    .text.SysTick_Handler  stm32g4xx_it.o
    0x0800b030   0x0800b030   0x00000008   Code   RO         1851    .text.SystemClockConfig_Resume  usbd_conf.o
    0x0800b038   0x0800b038   0x00000076   Code   RO           62    .text.SystemClock_Config  main.o
    0x0800b0ae   0x0800b0ae   0x00000002   PAD
    0x0800b0b0   0x0800b0b0   0x00000012   Code   RO         1687    .text.SystemInit    system_stm32g4xx.o
    0x0800b0c2   0x0800b0c2   0x00000002   PAD
    0x0800b0c4   0x0800b0c4   0x00000010   Code   RO          170    .text.TIM2_IRQHandler  stm32g4xx_it.o
    0x0800b0d4   0x0800b0d4   0x000001e6   Code   RO         1297    .text.TIM_Base_SetConfig  stm32g4xx_hal_tim.o
    0x0800b2ba   0x0800b2ba   0x00000002   PAD
    0x0800b2bc   0x0800b2bc   0x00000036   Code   RO         1331    .text.TIM_CCxChannelCmd  stm32g4xx_hal_tim.o
    0x0800b2f2   0x0800b2f2   0x00000002   PAD
    0x0800b2f4   0x0800b2f4   0x00000036   Code   RO         1564    .text.TIM_CCxNChannelCmd  stm32g4xx_hal_tim_ex.o
    0x0800b32a   0x0800b32a   0x00000002   PAD
    0x0800b32c   0x0800b32c   0x00000034   Code   RO         1487    .text.TIM_ETR_SetConfig  stm32g4xx_hal_tim.o
    0x0800b360   0x0800b360   0x00000030   Code   RO         1493    .text.TIM_ITRx_SetConfig  stm32g4xx_hal_tim.o
    0x0800b390   0x0800b390   0x00000174   Code   RO         1441    .text.TIM_OC1_SetConfig  stm32g4xx_hal_tim.o
    0x0800b504   0x0800b504   0x00000190   Code   RO         1443    .text.TIM_OC2_SetConfig  stm32g4xx_hal_tim.o
    0x0800b694   0x0800b694   0x0000018e   Code   RO         1445    .text.TIM_OC3_SetConfig  stm32g4xx_hal_tim.o
    0x0800b822   0x0800b822   0x00000002   PAD
    0x0800b824   0x0800b824   0x00000190   Code   RO         1447    .text.TIM_OC4_SetConfig  stm32g4xx_hal_tim.o
    0x0800b9b4   0x0800b9b4   0x000000e2   Code   RO         1449    .text.TIM_OC5_SetConfig  stm32g4xx_hal_tim.o
    0x0800ba96   0x0800ba96   0x00000002   PAD
    0x0800ba98   0x0800ba98   0x000000e4   Code   RO         1451    .text.TIM_OC6_SetConfig  stm32g4xx_hal_tim.o
    0x0800bb7c   0x0800bb7c   0x00000050   Code   RO         1491    .text.TIM_TI1_ConfigInputStage  stm32g4xx_hal_tim.o
    0x0800bbcc   0x0800bbcc   0x00000052   Code   RO         1495    .text.TIM_TI2_ConfigInputStage  stm32g4xx_hal_tim.o
    0x0800bc1e   0x0800bc1e   0x00000002   PAD
    0x0800bc20   0x0800bc20   0x0000004e   Code   RO         1927    .text.USBD_CDC_ConfigStrDescriptor  usbd_desc.o
    0x0800bc6e   0x0800bc6e   0x00000002   PAD
    0x0800bc70   0x0800bc70   0x000000c4   Code   RO         2085    .text.USBD_CDC_DataIn  usbd_cdc.o
    0x0800bd34   0x0800bd34   0x00000058   Code   RO         2087    .text.USBD_CDC_DataOut  usbd_cdc.o
    0x0800bd8c   0x0800bd8c   0x0000006e   Code   RO         2079    .text.USBD_CDC_DeInit  usbd_cdc.o
    0x0800bdfa   0x0800bdfa   0x00000002   PAD
    0x0800bdfc   0x0800bdfc   0x0000001a   Code   RO         1917    .text.USBD_CDC_DeviceDescriptor  usbd_desc.o
    0x0800be16   0x0800be16   0x00000002   PAD
    0x0800be18   0x0800be18   0x00000060   Code   RO         2083    .text.USBD_CDC_EP0_RxReady  usbd_cdc.o
    0x0800be78   0x0800be78   0x00000016   Code   RO         2095    .text.USBD_CDC_GetDeviceQualifierDescriptor  usbd_cdc.o
    0x0800be8e   0x0800be8e   0x00000002   PAD
    0x0800be90   0x0800be90   0x00000016   Code   RO         2091    .text.USBD_CDC_GetFSCfgDesc  usbd_cdc.o
    0x0800bea6   0x0800bea6   0x00000002   PAD
    0x0800bea8   0x0800bea8   0x00000016   Code   RO         2089    .text.USBD_CDC_GetHSCfgDesc  usbd_cdc.o
    0x0800bebe   0x0800bebe   0x00000002   PAD
    0x0800bec0   0x0800bec0   0x00000016   Code   RO         2093    .text.USBD_CDC_GetOtherSpeedCfgDesc  usbd_cdc.o
    0x0800bed6   0x0800bed6   0x00000002   PAD
    0x0800bed8   0x0800bed8   0x0000010e   Code   RO         2077    .text.USBD_CDC_Init  usbd_cdc.o
    0x0800bfe6   0x0800bfe6   0x00000002   PAD
    0x0800bfe8   0x0800bfe8   0x0000004e   Code   RO         1929    .text.USBD_CDC_InterfaceStrDescriptor  usbd_desc.o
    0x0800c036   0x0800c036   0x00000002   PAD
    0x0800c038   0x0800c038   0x0000001a   Code   RO         1919    .text.USBD_CDC_LangIDStrDescriptor  usbd_desc.o
    0x0800c052   0x0800c052   0x00000002   PAD
    0x0800c054   0x0800c054   0x00000028   Code   RO         1921    .text.USBD_CDC_ManufacturerStrDescriptor  usbd_desc.o
    0x0800c07c   0x0800c07c   0x0000004e   Code   RO         1923    .text.USBD_CDC_ProductStrDescriptor  usbd_desc.o
    0x0800c0ca   0x0800c0ca   0x00000002   PAD
    0x0800c0cc   0x0800c0cc   0x0000005e   Code   RO         2105    .text.USBD_CDC_ReceivePacket  usbd_cdc.o
    0x0800c12a   0x0800c12a   0x00000002   PAD
    0x0800c12c   0x0800c12c   0x0000002c   Code   RO         2097    .text.USBD_CDC_RegisterInterface  usbd_cdc.o
    0x0800c158   0x0800c158   0x00000020   Code   RO         1925    .text.USBD_CDC_SerialStrDescriptor  usbd_desc.o
    0x0800c178   0x0800c178   0x00000034   Code   RO         2101    .text.USBD_CDC_SetRxBuffer  usbd_cdc.o
    0x0800c1ac   0x0800c1ac   0x0000003e   Code   RO         2099    .text.USBD_CDC_SetTxBuffer  usbd_cdc.o
    0x0800c1ea   0x0800c1ea   0x00000002   PAD
    0x0800c1ec   0x0800c1ec   0x0000019c   Code   RO         2081    .text.USBD_CDC_Setup  usbd_cdc.o
    0x0800c388   0x0800c388   0x0000006e   Code   RO         2103    .text.USBD_CDC_TransmitPacket  usbd_cdc.o
    0x0800c3f6   0x0800c3f6   0x00000002   PAD
    0x0800c3f8   0x0800c3f8   0x0000002a   Code   RO         1985    .text.USBD_ClrClassConfig  usbd_core.o
    0x0800c422   0x0800c422   0x00000002   PAD
    0x0800c424   0x0800c424   0x00000040   Code   RO         2032    .text.USBD_ClrFeature  usbd_ctlreq.o
    0x0800c464   0x0800c464   0x0000001e   Code   RO         2062    .text.USBD_CtlContinueRx  usbd_ioreq.o
    0x0800c482   0x0800c482   0x00000002   PAD
    0x0800c484   0x0800c484   0x0000001e   Code   RO         2058    .text.USBD_CtlContinueSendData  usbd_ioreq.o
    0x0800c4a2   0x0800c4a2   0x00000002   PAD
    0x0800c4a4   0x0800c4a4   0x0000001c   Code   RO         2034    .text.USBD_CtlError  usbd_ctlreq.o
    0x0800c4c0   0x0800c4c0   0x00000036   Code   RO         2060    .text.USBD_CtlPrepareRx  usbd_ioreq.o
    0x0800c4f6   0x0800c4f6   0x00000002   PAD
    0x0800c4f8   0x0800c4f8   0x00000022   Code   RO         2066    .text.USBD_CtlReceiveStatus  usbd_ioreq.o
    0x0800c51a   0x0800c51a   0x00000002   PAD
    0x0800c51c   0x0800c51c   0x00000032   Code   RO         2056    .text.USBD_CtlSendData  usbd_ioreq.o
    0x0800c54e   0x0800c54e   0x00000002   PAD
    0x0800c550   0x0800c550   0x00000022   Code   RO         2064    .text.USBD_CtlSendStatus  usbd_ioreq.o
    0x0800c572   0x0800c572   0x00000002   PAD
    0x0800c574   0x0800c574   0x00000064   Code   RO         2026    .text.USBD_GetConfig  usbd_ctlreq.o
    0x0800c5d8   0x0800c5d8   0x0000031e   Code   RO         2020    .text.USBD_GetDescriptor  usbd_ctlreq.o
    0x0800c8f6   0x0800c8f6   0x00000002   PAD
    0x0800c8f8   0x0800c8f8   0x00000032   Code   RO         2046    .text.USBD_GetLen   usbd_ctlreq.o
    0x0800c92a   0x0800c92a   0x00000002   PAD
    0x0800c92c   0x0800c92c   0x00000062   Code   RO         2028    .text.USBD_GetStatus  usbd_ctlreq.o
    0x0800c98e   0x0800c98e   0x00000002   PAD
    0x0800c990   0x0800c990   0x00000098   Code   RO         2044    .text.USBD_GetString  usbd_ctlreq.o
    0x0800ca28   0x0800ca28   0x00000052   Code   RO         1865    .text.USBD_Get_USB_Status  usbd_conf.o
    0x0800ca7a   0x0800ca7a   0x00000002   PAD
    0x0800ca7c   0x0800ca7c   0x0000006a   Code   RO         1971    .text.USBD_Init     usbd_core.o
    0x0800cae6   0x0800cae6   0x00000002   PAD
    0x0800cae8   0x0800cae8   0x0000003a   Code   RO         1879    .text.USBD_LL_ClearStallEP  usbd_conf.o
    0x0800cb22   0x0800cb22   0x00000002   PAD
    0x0800cb24   0x0800cb24   0x0000003a   Code   RO         1873    .text.USBD_LL_CloseEP  usbd_conf.o
    0x0800cb5e   0x0800cb5e   0x00000002   PAD
    0x0800cb60   0x0800cb60   0x0000014c   Code   RO         1991    .text.USBD_LL_DataInStage  usbd_core.o
    0x0800ccac   0x0800ccac   0x000000f6   Code   RO         1989    .text.USBD_LL_DataOutStage  usbd_core.o
    0x0800cda2   0x0800cda2   0x00000002   PAD
    0x0800cda4   0x0800cda4   0x0000001c   Code   RO         1889    .text.USBD_LL_GetRxDataSize  usbd_conf.o
    0x0800cdc0   0x0800cdc0   0x000000a4   Code   RO         1861    .text.USBD_LL_Init  usbd_conf.o
    0x0800ce64   0x0800ce64   0x0000005a   Code   RO         1881    .text.USBD_LL_IsStallEP  usbd_conf.o
    0x0800cebe   0x0800cebe   0x00000002   PAD
    0x0800cec0   0x0800cec0   0x0000004a   Code   RO         1871    .text.USBD_LL_OpenEP  usbd_conf.o
    0x0800cf0a   0x0800cf0a   0x00000002   PAD
    0x0800cf0c   0x0800cf0c   0x00000042   Code   RO         1887    .text.USBD_LL_PrepareReceive  usbd_conf.o
    0x0800cf4e   0x0800cf4e   0x00000002   PAD
    0x0800cf50   0x0800cf50   0x000000a0   Code   RO         1993    .text.USBD_LL_Reset  usbd_core.o
    0x0800cff0   0x0800cff0   0x00000024   Code   RO         1999    .text.USBD_LL_Resume  usbd_core.o
    0x0800d014   0x0800d014   0x0000004e   Code   RO         2001    .text.USBD_LL_SOF   usbd_core.o
    0x0800d062   0x0800d062   0x00000002   PAD
    0x0800d064   0x0800d064   0x00000016   Code   RO         1995    .text.USBD_LL_SetSpeed  usbd_core.o
    0x0800d07a   0x0800d07a   0x00000002   PAD
    0x0800d07c   0x0800d07c   0x0000003a   Code   RO         1883    .text.USBD_LL_SetUSBAddress  usbd_conf.o
    0x0800d0b6   0x0800d0b6   0x00000002   PAD
    0x0800d0b8   0x0800d0b8   0x00000094   Code   RO         1987    .text.USBD_LL_SetupStage  usbd_core.o
    0x0800d14c   0x0800d14c   0x0000003a   Code   RO         1877    .text.USBD_LL_StallEP  usbd_conf.o
    0x0800d186   0x0800d186   0x00000002   PAD
    0x0800d188   0x0800d188   0x00000032   Code   RO         1867    .text.USBD_LL_Start  usbd_conf.o
    0x0800d1ba   0x0800d1ba   0x00000002   PAD
    0x0800d1bc   0x0800d1bc   0x0000001e   Code   RO         1997    .text.USBD_LL_Suspend  usbd_core.o
    0x0800d1da   0x0800d1da   0x00000002   PAD
    0x0800d1dc   0x0800d1dc   0x00000042   Code   RO         1885    .text.USBD_LL_Transmit  usbd_conf.o
    0x0800d21e   0x0800d21e   0x00000002   PAD
    0x0800d220   0x0800d220   0x00000062   Code   RO         2040    .text.USBD_ParseSetupRequest  usbd_ctlreq.o
    0x0800d282   0x0800d282   0x00000002   PAD
    0x0800d284   0x0800d284   0x00000056   Code   RO         1975    .text.USBD_RegisterClass  usbd_core.o
    0x0800d2da   0x0800d2da   0x00000002   PAD
    0x0800d2dc   0x0800d2dc   0x0000000a   Code   RO         1981    .text.USBD_RunTestMode  usbd_core.o
    0x0800d2e6   0x0800d2e6   0x00000002   PAD
    0x0800d2e8   0x0800d2e8   0x0000008c   Code   RO         2022    .text.USBD_SetAddress  usbd_ctlreq.o
    0x0800d374   0x0800d374   0x00000036   Code   RO         1983    .text.USBD_SetClassConfig  usbd_core.o
    0x0800d3aa   0x0800d3aa   0x00000002   PAD
    0x0800d3ac   0x0800d3ac   0x00000176   Code   RO         2024    .text.USBD_SetConfig  usbd_ctlreq.o
    0x0800d522   0x0800d522   0x00000002   PAD
    0x0800d524   0x0800d524   0x00000026   Code   RO         2030    .text.USBD_SetFeature  usbd_ctlreq.o
    0x0800d54a   0x0800d54a   0x00000002   PAD
    0x0800d54c   0x0800d54c   0x00000010   Code   RO         1977    .text.USBD_Start    usbd_core.o
    0x0800d55c   0x0800d55c   0x000000c4   Code   RO         2018    .text.USBD_StdDevReq  usbd_ctlreq.o
    0x0800d620   0x0800d620   0x00000318   Code   RO         2038    .text.USBD_StdEPReq  usbd_ctlreq.o
    0x0800d938   0x0800d938   0x0000009a   Code   RO         2036    .text.USBD_StdItfReq  usbd_ctlreq.o
    0x0800d9d2   0x0800d9d2   0x00000002   PAD
    0x0800d9d4   0x0800d9d4   0x00000008   Code   RO         1897    .text.USBD_static_free  usbd_conf.o
    0x0800d9dc   0x0800d9dc   0x00000010   Code   RO         1895    .text.USBD_static_malloc  usbd_conf.o
    0x0800d9ec   0x0800d9ec   0x00000696   Code   RO          305    .text.USB_ActivateEndpoint  stm32g4xx_ll_usb.o
    0x0800e082   0x0800e082   0x00000002   PAD
    0x0800e084   0x0800e084   0x00000360   Code   RO          307    .text.USB_DeactivateEndpoint  stm32g4xx_ll_usb.o
    0x0800e3e4   0x0800e3e4   0x00000018   Code   RO          323    .text.USB_DevConnect  stm32g4xx_ll_usb.o
    0x0800e3fc   0x0800e3fc   0x00000028   Code   RO          299    .text.USB_DevInit   stm32g4xx_ll_usb.o
    0x0800e424   0x0800e424   0x0000001e   Code   RO          295    .text.USB_DisableGlobalInt  stm32g4xx_ll_usb.o
    0x0800e442   0x0800e442   0x00000002   PAD
    0x0800e444   0x0800e444   0x00000148   Code   RO          315    .text.USB_EPClearStall  stm32g4xx_ll_usb.o
    0x0800e58c   0x0800e58c   0x00000088   Code   RO          313    .text.USB_EPSetStall  stm32g4xx_ll_usb.o
    0x0800e614   0x0800e614   0x00000e16   Code   RO          309    .text.USB_EPStartXfer  stm32g4xx_ll_usb.o
    0x0800f42a   0x0800f42a   0x00000002   PAD
    0x0800f42c   0x0800f42c   0x0000001e   Code   RO          293    .text.USB_EnableGlobalInt  stm32g4xx_ll_usb.o
    0x0800f44a   0x0800f44a   0x00000002   PAD
    0x0800f44c   0x0800f44c   0x00000010   Code   RO          168    .text.USB_LP_IRQHandler  stm32g4xx_it.o
    0x0800f45c   0x0800f45c   0x00000012   Code   RO          327    .text.USB_ReadInterrupts  stm32g4xx_ll_usb.o
    0x0800f46e   0x0800f46e   0x00000002   PAD
    0x0800f470   0x0800f470   0x00000084   Code   RO          333    .text.USB_ReadPMA   stm32g4xx_ll_usb.o
    0x0800f4f4   0x0800f4f4   0x00000020   Code   RO          321    .text.USB_SetDevAddress  stm32g4xx_ll_usb.o
    0x0800f514   0x0800f514   0x0000007a   Code   RO          311    .text.USB_WritePMA  stm32g4xx_ll_usb.o
    0x0800f58e   0x0800f58e   0x00000002   PAD
    0x0800f590   0x0800f590   0x00000004   Code   RO          152    .text.UsageFault_Handler  stm32g4xx_it.o
    0x0800f594   0x0800f594   0x000001d4   Code   RO         1761    .text.Velocity_Closed_Loop  foc.o
    0x0800f768   0x0800f768   0x000000d8   Code   RO         1735    .text.Velocity_Get  foc.o
    0x0800f840   0x0800f840   0x000000a8   Code   RO         1755    .text.Voltage_Open_Loop  foc.o
    0x0800f8e8   0x0800f8e8   0x00000030   Code   RO          848    .text.__NVIC_EnableIRQ  stm32g4xx_hal_cortex.o
    0x0800f918   0x0800f918   0x00000010   Code   RO          840    .text.__NVIC_GetPriorityGrouping  stm32g4xx_hal_cortex.o
    0x0800f928   0x0800f928   0x00000042   Code   RO          842    .text.__NVIC_SetPriority  stm32g4xx_hal_cortex.o
    0x0800f96a   0x0800f96a   0x00000002   PAD
    0x0800f96c   0x0800f96c   0x0000003c   Code   RO          836    .text.__NVIC_SetPriorityGrouping  stm32g4xx_hal_cortex.o
    0x0800f9a8   0x0800f9a8   0x0000027c   Code   RO         1769    .text.current_position  foc.o
    0x0800fc24   0x0800fc24   0x0000004c   Code   RO           60    .text.main          main.o
    0x0800fc70   0x0800fc70   0x000001c8   Code   RO         1767    .text.position_max  foc.o
    0x0800fe38   0x0800fe38   0x0000011c   Code   RO         1765    .text.single_vel_cloop  foc.o
    0x0800ff54   0x0800ff54   0x0000008e   Code   RO           29    .text.vofa_Receive  vofa.o
    0x0800ffe2   0x0800ffe2   0x00000002   PAD
    0x0800ffe4   0x0800ffe4   0x0000002c   Code   RO           31    .text.vofa_cmd_parse  vofa.o
    0x08010010   0x08010010   0x00000338   Code   RO         2389    CL$$btod_div_common  c_w.l(btod.o)
    0x08010348   0x08010348   0x00000084   Code   RO         2387    CL$$btod_e2d        c_w.l(btod.o)
    0x080103cc   0x080103cc   0x000000dc   Code   RO         2386    CL$$btod_e2e        c_w.l(btod.o)
    0x080104a8   0x080104a8   0x0000002a   Code   RO         2383    CL$$btod_ediv       c_w.l(btod.o)
    0x080104d2   0x080104d2   0x0000002a   Code   RO         2385    CL$$btod_edivd      c_w.l(btod.o)
    0x080104fc   0x080104fc   0x0000002a   Code   RO         2382    CL$$btod_emul       c_w.l(btod.o)
    0x08010526   0x08010526   0x0000002a   Code   RO         2384    CL$$btod_emuld      c_w.l(btod.o)
    0x08010550   0x08010550   0x00000244   Code   RO         2388    CL$$btod_mult_common  c_w.l(btod.o)
    0x08010794   0x08010794   0x00000026   Code   RO         2221    i.__ARM_fpclassifyf  m_wm.l(fpclassifyf.o)
    0x080107ba   0x080107ba   0x00000006   PAD
    0x080107c0   0x080107c0   0x000000f8   Code   RO         2423    i.__hardfp___mathlib_tofloat  m_wm.l(narrow.o)
    0x080108b8   0x080108b8   0x00000038   Code   RO         2148    i.__hardfp_atof     m_wm.l(atof.o)
    0x080108f0   0x080108f0   0x00000150   Code   RO         2154    i.__hardfp_cosf     m_wm.l(cosf.o)
    0x08010a40   0x08010a40   0x000000b0   Code   RO         2160    i.__hardfp_fmodf    m_wm.l(fmodf.o)
    0x08010af0   0x08010af0   0x000000d0   Code   RO         2503    i.__hardfp_ldexp    m_wm.l(ldexp.o)
    0x08010bc0   0x08010bc0   0x0000009a   Code   RO         2178    i.__hardfp_roundf   m_wm.l(roundf.o)
    0x08010c5a   0x08010c5a   0x00000002   PAD
    0x08010c5c   0x08010c5c   0x00000190   Code   RO         2172    i.__hardfp_sinf     m_wm.l(sinf.o)
    0x08010dec   0x08010dec   0x00000004   PAD
    0x08010df0   0x08010df0   0x00000020   Code   RO         2211    i.__mathlib_dbl_overflow  m_wm.l(dunder.o)
    0x08010e10   0x08010e10   0x00000020   Code   RO         2213    i.__mathlib_dbl_underflow  m_wm.l(dunder.o)
    0x08010e30   0x08010e30   0x00000006   Code   RO         2224    i.__mathlib_flt_infnan  m_wm.l(funder.o)
    0x08010e36   0x08010e36   0x00000002   PAD
    0x08010e38   0x08010e38   0x00000010   Code   RO         2226    i.__mathlib_flt_invalid  m_wm.l(funder.o)
    0x08010e48   0x08010e48   0x00000010   Code   RO         2229    i.__mathlib_flt_underflow  m_wm.l(funder.o)
    0x08010e58   0x08010e58   0x00000012   Code   RO         2424    i.__mathlib_narrow  m_wm.l(narrow.o)
    0x08010e6a   0x08010e6a   0x00000002   PAD
    0x08010e6c   0x08010e6c   0x00000154   Code   RO         2242    i.__mathlib_rredf2  m_wm.l(rredf.o)
    0x08010fc0   0x08010fc0   0x00000014   Code   RO         2505    i.__support_ldexp   m_wm.l(ldexp.o)
    0x08010fd4   0x08010fd4   0x0000000e   Code   RO         2306    i._is_digit         c_w.l(scanf_fp.o)
    0x08010fe2   0x08010fe2   0x00000006   PAD
    0x08010fe8   0x08010fe8   0x0000008c   Code   RO         2473    i.frexp             m_wm.l(frexp.o)
    0x08011074   0x08011074   0x0000002c   Code   RO         2273    locale$$code        c_w.l(lc_numeric_c.o)
    0x080110a0   0x080110a0   0x0000002c   Code   RO         2405    locale$$code        c_w.l(lc_ctype_c.o)
    0x080110cc   0x080110cc   0x00000062   Code   RO         2132    x$fpl$d2f           fz_wm.l(d2f.o)
    0x0801112e   0x0801112e   0x00000002   PAD
    0x08011130   0x08011130   0x00000150   Code   RO         2134    x$fpl$dadd          fz_wm.l(daddsub_clz.o)
    0x08011280   0x08011280   0x00000010   Code   RO         2542    x$fpl$dcheck1       fz_wm.l(dcheck1.o)
    0x08011290   0x08011290   0x00000018   Code   RO         2499    x$fpl$dcmpinf       fz_wm.l(dcmpi.o)
    0x080112a8   0x080112a8   0x00000078   Code   RO         2467    x$fpl$deqf          fz_wm.l(deqf.o)
    0x08011320   0x08011320   0x00000078   Code   RO         2501    x$fpl$dleqf         fz_wm.l(dleqf.o)
    0x08011398   0x08011398   0x00000154   Code   RO         2144    x$fpl$dmul          fz_wm.l(dmul.o)
    0x080114ec   0x080114ec   0x0000009c   Code   RO         2191    x$fpl$dnaninf       fz_wm.l(dnaninf.o)
    0x08011588   0x08011588   0x0000000c   Code   RO         2193    x$fpl$dretinf       fz_wm.l(dretinf.o)
    0x08011594   0x08011594   0x0000006c   Code   RO         2469    x$fpl$drleqf        fz_wm.l(drleqf.o)
    0x08011600   0x08011600   0x000001dc   Code   RO         2136    x$fpl$dsub          fz_wm.l(daddsub_clz.o)
    0x080117dc   0x080117dc   0x00000056   Code   RO         2146    x$fpl$f2d           fz_wm.l(f2d.o)
    0x08011832   0x08011832   0x0000008c   Code   RO         2195    x$fpl$fnaninf       fz_wm.l(fnaninf.o)
    0x080118be   0x080118be   0x0000001a   Code   RO         2413    x$fpl$fpinit        fz_wm.l(fpinit.o)
    0x080118d8   0x080118d8   0x000000f4   Code   RO         2197    x$fpl$frem          fz_wm.l(frem_clz.o)
    0x080119cc   0x080119cc   0x0000000a   Code   RO         2199    x$fpl$fretinf       fz_wm.l(fretinf.o)
    0x080119d6   0x080119d6   0x00000002   PAD
    0x080119d8   0x080119d8   0x00000060   Code   RO         2201    x$fpl$frnd          fz_wm.l(frnd.o)
    0x08011a38   0x08011a38   0x00000006   Code   RO         2415    x$fpl$ieeestatus    fz_wm.l(istatus.o)
    0x08011a3e   0x08011a3e   0x00000064   Code   RO         2550    x$fpl$retnan        fz_wm.l(retnan.o)
    0x08011aa2   0x08011aa2   0x0000005c   Code   RO         2536    x$fpl$scalbn        fz_wm.l(scalbn.o)
    0x08011afe   0x08011afe   0x00000004   Code   RO         2285    x$fpl$scanf1        fz_wm.l(scanf1.o)
    0x08011b02   0x08011b02   0x00000008   Code   RO         2417    x$fpl$scanf2        fz_wm.l(scanf2.o)
    0x08011b0a   0x08011b0a   0x00000030   Code   RO         2568    x$fpl$trapveneer    fz_wm.l(trapv.o)
    0x08011b3a   0x08011b3a   0x00000000   Code   RO         2203    x$fpl$usenofp       fz_wm.l(usenofp.o)
    0x08011b3a   0x08011b3a   0x00000002   PAD
    0x08011b3c   0x08011b3c   0x00000020   Data   RO         2243    .constdata          m_wm.l(rredf.o)
    0x08011b5c   0x08011b5c   0x00000094   Data   RO         2377    .constdata          c_w.l(bigflt0.o)
    0x08011bf0   0x08011bf0   0x00000010   Data   RO         1692    .rodata.AHBPrescTable  system_stm32g4xx.o
    0x08011c00   0x08011c00   0x00000018   Data   RO           37    .rodata.str1.1      vofa.o
    0x08011c18   0x08011c18   0x00000042   Data   RO         1939    .rodata.str1.1      usbd_desc.o
    0x08011c5a   0x08011c5a   0x00000002   PAD
    0x08011c5c   0x08011c5c   0x00000020   Data   RO         2571    Region$$Table       anon$$obj.o
    0x08011c7c   0x08011c7c   0x00000008   Data   RO         2409    c$$dinf             fz_wm.l(fpconst.o)
    0x08011c84   0x08011c84   0x00000008   Data   RO         2412    c$$dmax             fz_wm.l(fpconst.o)
    0x08011c8c   0x08011c8c   0x0000001c   Data   RO         2272    locale$$data        c_w.l(lc_numeric_c.o)
    0x08011ca8   0x08011ca8   0x00000110   Data   RO         2404    locale$$data        c_w.l(lc_ctype_c.o)


    Execution Region RW_IRAM1 (Exec base: 0x20000000, Load base: 0x08011db8, Size: 0x00002688, Max: 0x00020000, ABSOLUTE, COMPRESSED[0x000000e8])

    Exec Addr    Load Addr    Size         Type   Attr      Idx    E Section Name        Object

    0x20000000   COMPRESSED   0x00000020   Data   RW         1935    .data.CDC_Desc      usbd_desc.o
    0x20000020   COMPRESSED   0x00000004   Data   RW         1691    .data.SystemCoreClock  system_stm32g4xx.o
    0x20000024   COMPRESSED   0x00000038   Data   RW         2107    .data.USBD_CDC      usbd_cdc.o
    0x2000005c   COMPRESSED   0x00000043   Data   RW         2109    .data.USBD_CDC_CfgFSDesc  usbd_cdc.o
    0x2000009f   COMPRESSED   0x00000001   PAD
    0x200000a0   COMPRESSED   0x00000043   Data   RW         2110    .data.USBD_CDC_CfgHSDesc  usbd_cdc.o
    0x200000e3   COMPRESSED   0x00000001   PAD
    0x200000e4   COMPRESSED   0x00000012   Data   RW         1936    .data.USBD_CDC_DeviceDesc  usbd_desc.o
    0x200000f6   COMPRESSED   0x00000002   PAD
    0x200000f8   COMPRESSED   0x0000000a   Data   RW         2108    .data.USBD_CDC_DeviceQualifierDesc  usbd_cdc.o
    0x20000102   COMPRESSED   0x00000002   PAD
    0x20000104   COMPRESSED   0x00000043   Data   RW         2111    .data.USBD_CDC_OtherSpeedCfgDesc  usbd_cdc.o
    0x20000147   COMPRESSED   0x00000001   PAD
    0x20000148   COMPRESSED   0x00000014   Data   RW         1960    .data.USBD_Interface_fops_FS  usbd_cdc_if.o
    0x2000015c   COMPRESSED   0x00000004   Data   RW         1937    .data.USBD_LangIDDesc  usbd_desc.o
    0x20000160   COMPRESSED   0x0000001a   Data   RW         1938    .data.USBD_StringSerial  usbd_desc.o
    0x2000017a   COMPRESSED   0x00000002   PAD
    0x2000017c   COMPRESSED   0x00000004   Data   RW         1778    .data.debug_i_d     foc.o
    0x20000180   COMPRESSED   0x00000004   Data   RW         1780    .data.debug_i_q     foc.o
    0x20000184   COMPRESSED   0x00000004   Data   RW         1777    .data.debug_p_d     foc.o
    0x20000188   COMPRESSED   0x00000004   Data   RW         1779    .data.debug_p_q     foc.o
    0x2000018c   COMPRESSED   0x00000004   Data   RW         1783    .data.debug_position_target  foc.o
    0x20000190   COMPRESSED   0x00000004   Data   RW         1782    .data.debug_target_q  foc.o
    0x20000194   COMPRESSED   0x00000004   Data   RW         1787    .data.debug_vel_lb  foc.o
    0x20000198   COMPRESSED   0x00000004   Data   RW         1786    .data.debug_vel_target  foc.o
    0x2000019c   COMPRESSED   0x00000004   Data   RW         1804    .data.position_max.last_angle  foc.o
    0x200001a0   COMPRESSED   0x00000004   Data   RW          419    .data.uwTickFreq    stm32g4xx_hal.o
    0x200001a4   COMPRESSED   0x00000004   Data   RW          418    .data.uwTickPrio    stm32g4xx_hal.o
    0x200001a8        -       0x00000060   Zero   RW         2298    .bss                c_w.l(libspace.o)
    0x20000208        -       0x00000020   Zero   RW         1792    .bss.GI_D           foc.o
    0x20000228        -       0x00000020   Zero   RW         1793    .bss.GI_Q           foc.o
    0x20000248        -       0x00000020   Zero   RW         1807    .bss.GPOS           foc.o
    0x20000268        -       0x00000020   Zero   RW         1794    .bss.GVEL           foc.o
    0x20000288        -       0x00000004   Zero   RW           93    .bss.HAL_RCC_ADC12_CLK_ENABLED  adc.o
    0x2000028c        -       0x00000008   Zero   RW         1799    .bss.I_a_b          foc.o
    0x20000294        -       0x00000008   Zero   RW         1800    .bss.I_alpha_beta   foc.o
    0x2000029c        -       0x00000008   Zero   RW         1801    .bss.I_d_q          foc.o
    0x200002a4        -       0x0000004c   Zero   RW         1798    .bss.SVPWM          foc.o
    0x200002f0        -       0x00000001   Zero   RW         2048    .bss.USBD_SetConfig.cfgidx  usbd_ctlreq.o
    0x200002f1   COMPRESSED   0x00000003   PAD
    0x200002f4        -       0x00000200   Zero   RW         1940    .bss.USBD_StrDesc   usbd_desc.o
    0x200004f4        -       0x00000220   Zero   RW         1900    .bss.USBD_static_malloc.mem  usbd_conf.o
    0x20000714        -       0x00000800   Zero   RW         1961    .bss.UserRxBufferFS  usbd_cdc_if.o
    0x20000f14        -       0x00000800   Zero   RW         1962    .bss.UserTxBufferFS  usbd_cdc_if.o
    0x20001714        -       0x00000008   Zero   RW         1797    .bss.V_alpha_beta   foc.o
    0x2000171c        -       0x00000008   Zero   RW         1796    .bss.V_d_q          foc.o
    0x20001724        -       0x00000001   Zero   RW         1802    .bss.Velocity_Closed_Loop.vel_cnt  foc.o
    0x20001725   COMPRESSED   0x00000003   PAD
    0x20001728        -       0x00000004   Zero   RW           66    .bss.a              main.o
    0x2000172c        -       0x00000004   Zero   RW         1806    .bss.act            foc.o
    0x20001730        -       0x00000038   Zero   RW         1789    .bss.current        foc.o
    0x20001768        -       0x00000004   Zero   RW         1805    .bss.current_count  foc.o
    0x2000176c        -       0x00000004   Zero   RW         1808    .bss.current_position.last_angle  foc.o
    0x20001770        -       0x00000001   Zero   RW         1809    .bss.current_position.pos_cnt  foc.o
    0x20001771   COMPRESSED   0x00000003   PAD
    0x20001774        -       0x00000004   Zero   RW         1781    .bss.debug_target_d  foc.o
    0x20001778        -       0x000002d0   Zero   RW         1910    .bss.hUsbDeviceFS   usb_device.o
    0x20001a48        -       0x0000006c   Zero   RW           91    .bss.hadc1          adc.o
    0x20001ab4        -       0x0000006c   Zero   RW           92    .bss.hadc2          adc.o
    0x20001b20        -       0x00000060   Zero   RW          116    .bss.hdma_spi1_rx   spi.o
    0x20001b80        -       0x00000060   Zero   RW          117    .bss.hdma_spi1_tx   spi.o
    0x20001be0        -       0x000002dc   Zero   RW         1899    .bss.hpcd_USB_FS    usbd_conf.o
    0x20001ebc        -       0x00000064   Zero   RW          115    .bss.hspi1          spi.o
    0x20001f20        -       0x0000004c   Zero   RW          135    .bss.htim1          tim.o
    0x20001f6c        -       0x0000004c   Zero   RW          136    .bss.htim2          tim.o
    0x20001fb8        -       0x0000000c   Zero   RW         1791    .bss.math_emavg1    foc.o
    0x20001fc4        -       0x0000002c   Zero   RW         1790    .bss.motor          foc.o
    0x20001ff0        -       0x00000006   Zero   RW           52    .bss.mt6816         mt6816.o
    0x20001ff6        -       0x00000006   Zero   RW           51    .bss.mt6816_spi     mt6816.o
    0x20001ffc        -       0x00000064   Zero   RW           36    .bss.receive_buf    vofa.o
    0x20002060        -       0x00000001   Zero   RW         1803    .bss.single_vel_cloop.vel_cnt  foc.o
    0x20002061   COMPRESSED   0x00000003   PAD
    0x20002064        -       0x00000004   Zero   RW          420    .bss.uwTick         stm32g4xx_hal.o
    0x20002068        -       0x00000020   Zero   RW         1795    .bss.voltage        foc.o
    0x20002088        -       0x00000200   Zero   RW            2    HEAP                startup_stm32g474xx.o
    0x20002288        -       0x00000400   Zero   RW            1    STACK               startup_stm32g474xx.o


==============================================================================

Image component sizes


      Code (inc. data)   RO Data    RW Data    ZI Data      Debug   Object Name

       922          0          0          0        220      10898   adc.o
       106          0          0          0          0       3890   dma.o
      4694        158          0         36        407       9785   foc.o
        60          0          0          0          0       4467   foc_lab.o
       334          0          0          0          0       2385   gpio.o
       208          0          0          0          4       1684   main.o
       394          0          0          0         12       1909   mt6816.o
       382          0          0          0          0       1238   pid.o
       420          0          0          0        292       7922   spi.o
        64         26        472          0       1536        812   startup_stm32g474xx.o
       288          0          0          8          4       9047   stm32g4xx_hal.o
      5800          0          0          0          0      22289   stm32g4xx_hal_adc.o
      4784          0          0          0          0      19609   stm32g4xx_hal_adc_ex.o
       478          0          0          0          0       9788   stm32g4xx_hal_cortex.o
      1054          0          0          0          0       7682   stm32g4xx_hal_dma.o
       916          0          0          0          0       5263   stm32g4xx_hal_gpio.o
        72          0          0          0          0       1592   stm32g4xx_hal_msp.o
      6234          0          0          0          0      13594   stm32g4xx_hal_pcd.o
       180          0          0          0          0       5035   stm32g4xx_hal_pcd_ex.o
       454          0          0          0          0       7730   stm32g4xx_hal_pwr_ex.o
      3188          0          0          0          0       9455   stm32g4xx_hal_rcc.o
      1316          0          0          0          0      11648   stm32g4xx_hal_rcc_ex.o
      2816          0          0          0          0      21492   stm32g4xx_hal_spi.o
      5582         22          0          0          0      37704   stm32g4xx_hal_tim.o
      1694          0          0          0          0      21662   stm32g4xx_hal_tim_ex.o
       142          0          0          0          0       1559   stm32g4xx_it.o
      7048          4          0          0          0      11182   stm32g4xx_ll_usb.o
      1308         34          0          0          0       2056   svpwm.o
        18          0         16          4          0       2643   system_stm32g4xx.o
      1022          0          0          0        152      10465   tim.o
       118          0          0          0        720       2989   usb_device.o
      1622         12          0        267          0       9600   usbd_cdc.o
       320         36          0         20       4096       2730   usbd_cdc_if.o
      1384          4          0          0       1276      15577   usbd_conf.o
      1366          0          0          0          0       7178   usbd_core.o
      3136         46          0          0          1       8121   usbd_ctlreq.o
       568          0         66         80        512       3107   usbd_desc.o
       232          0          0          0          0       4033   usbd_ioreq.o
       186          0         24          0        100       1938   vofa.o

    ----------------------------------------------------------------------
     61168        342        612        424       9344     331758   Object Totals
         0          0         32          0          0          0   (incl. Generated)
       258          0          2          9         12          0   (incl. Padding)

    ----------------------------------------------------------------------

      Code (inc. data)   RO Data    RW Data    ZI Data      Debug   Library Member Name

        90          0          0          0          0          0   __dczerorl2.o
         8          0          0          0          0         68   __main.o
         0          0          0          0          0          0   __rtentry.o
        12          0          0          0          0          0   __rtentry2.o
         6          0          0          0          0          0   __rtentry4.o
        52          8          0          0          0          0   __scatter.o
        28          0          0          0          0          0   __scatter_zi.o
        28          0          0          0          0         68   _chval.o
        22          0          0          0          0        100   _rserrno.o
        64          0          0          0          0         84   _sgetc.o
       228          4        148          0          0         96   bigflt0.o
      1924        136          0          0          0        752   btod.o
        18          0          0          0          0         80   exit.o
         6          0          0          0          0        152   heapauxi.o
         0          0          0          0          0          0   indicate_semi.o
        18          0          0          0          0         76   isspace.o
        44         10        272          0          0         76   lc_ctype_c.o
        44         10         28          0          0         76   lc_numeric_c.o
         2          0          0          0          0          0   libinit.o
        34          0          0          0          0          0   libinit2.o
         2          0          0          0          0          0   libshutdown.o
         2          0          0          0          0          0   libshutdown2.o
         8          4          0          0         96         68   libspace.o
        38          0          0          0          0         68   llshl.o
        16          4          0          0          0         76   rt_ctype_table.o
         8          4          0          0          0         68   rt_errno_addr_intlibspace.o
         8          4          0          0          0         68   rt_locale_intlibspace.o
        78          0          0          0          0         80   rt_memclr_w.o
       138          0          0          0          0         68   rt_memcpy_v6.o
       100          0          0          0          0         80   rt_memcpy_w.o
         2          0          0          0          0          0   rtexit.o
        10          0          0          0          0          0   rtexit2.o
      1286         16          0          0          0        236   scanf_fp.o
       800         14          0          0          0        100   scanf_hexfp.o
       308         16          0          0          0        100   scanf_infnan.o
       124          0          0          0          0         88   strcmpv7em.o
        62          0          0          0          0         76   strlen.o
        36          0          0          0          0         80   strstr.o
       176         14          0          0          0        124   strtod.o
        12          4          0          0          0         68   sys_exit.o
        74          0          0          0          0         80   sys_stackheap_outer.o
         2          0          0          0          0         68   use_no_semi.o
        98          4          0          0          0        140   d2f.o
       812         16          0          0          0        392   daddsub_clz.o
        16          4          0          0          0        116   dcheck1.o
        24          0          0          0          0        116   dcmpi.o
       120          4          0          0          0        140   deqf.o
       120          4          0          0          0        140   dleqf.o
       340         12          0          0          0        152   dmul.o
       156          4          0          0          0        140   dnaninf.o
        12          0          0          0          0        116   dretinf.o
       108          0          0          0          0        128   drleqf.o
        86          4          0          0          0        132   f2d.o
       140          4          0          0          0        132   fnaninf.o
         0          0         16          0          0          0   fpconst.o
        26          0          0          0          0        116   fpinit.o
       244          8          0          0          0        132   frem_clz.o
        10          0          0          0          0        116   fretinf.o
        96          4          0          0          0        124   frnd.o
         6          0          0          0          0        116   istatus.o
       100          0          0          0          0        116   retnan.o
        92          0          0          0          0        116   scalbn.o
         4          0          0          0          0        116   scanf1.o
         8          0          0          0          0        132   scanf2.o
        48          0          0          0          0        116   trapv.o
         0          0          0          0          0          0   usenofp.o
        56         10          0          0          0        132   atof.o
       336         56          0          0          0        136   cosf.o
        64         16          0          0          0        248   dunder.o
       176          0          0          0          0        168   fmodf.o
        38          0          0          0          0        116   fpclassifyf.o
       140         22          0          0          0        132   frexp.o
        38         12          0          0          0        348   funder.o
       228          8          0          0          0        308   ldexp.o
       266         16          0          0          0        308   narrow.o
       154          0          0          0          0        140   roundf.o
       340         24         32          0          0        160   rredf.o
       400         56          0          0          0        212   sinf.o

    ----------------------------------------------------------------------
     10868        540        496          0         96       8676   Library Totals
        48          4          0          0          0          0   (incl. Padding)

    ----------------------------------------------------------------------

      Code (inc. data)   RO Data    RW Data    ZI Data      Debug   Library Name

      5918        248        448          0         96       3224   c_w.l
      2666         68         16          0          0       3044   fz_wm.l
      2236        220         32          0          0       2408   m_wm.l

    ----------------------------------------------------------------------
     10868        540        496          0         96       8676   Library Totals

    ----------------------------------------------------------------------

==============================================================================


      Code (inc. data)   RO Data    RW Data    ZI Data      Debug   

     72036        882       1108        424       9440     334178   Grand Totals
     72036        882       1108        232       9440     334178   ELF Image Totals (compressed)
     72036        882       1108        232          0          0   ROM Totals

==============================================================================

    Total RO  Size (Code + RO Data)                73144 (  71.43kB)
    Total RW  Size (RW Data + ZI Data)              9864 (   9.63kB)
    Total ROM Size (Code + RO Data + RW Data)      73376 (  71.66kB)

==============================================================================

