<html>
<body>
<pre>
<h1>µVision Build Log</h1>
<h2>Tool Versions:</h2>
IDE-Version: ¦ÌVision V5.36.0.0
Copyright (C) 2021 ARM Ltd and ARM Germany GmbH. All rights reserved.
License Information: dsfs 8615622157654, sdfas, LIC=FYKYW-Q0BB9-UH08H-WIQZT-V0YQF-STNIH
 
Tool Versions:
Toolchain:       MDK-ARM Plus  Version: 5.36.0.0
Toolchain Path:  C:\Keil_v5\ARM\ARMCLANG\Bin
C Compiler:      ArmClang.exe V6.16
Assembler:       Armasm.exe V6.16
Linker/Locator:  ArmLink.exe V6.16
Library Manager: ArmAr.exe V6.16
Hex Converter:   FromElf.exe V6.16
CPU DLL:         SARMCM3.DLL V5.36.0.0
Dialog DLL:      DCM.DLL V1.17.3.0
Target DLL:      STLink\ST-LINKIII-KEIL_SWO.dll V3.0.9.0
Dialog DLL:      TCM.DLL V1.53.0.0
 
<h2>Project:</h2>
E:\desktop\cur_vel_pos\MDK-ARM\FOC_LAB.uvprojx
Project File Date:  04/08/2024

<h2>Output:</h2>
*** Using Compiler 'V6.16', folder: 'C:\Keil_v5\ARM\ARMCLANG\Bin'
Build target 'FOC_LAB'
../Core/App/vofa.c(119): warning: passing 'uint8_t *' (aka 'unsigned char *') to parameter of type 'const char *' converts between pointers to integer types where one is of the unique plain 'char' type and the other is not [-Wpointer-sign]
    return atof(cmdBuf + strlen(arg));
                ^~~~~~~~~~~~~~~~~~~~
C:\Keil_v5\ARM\ARMCLANG\Bin\..\include\stdlib.h(158): note: passing argument to parameter here
extern _ARMABI double atof(const char * /*nptr*/) __attribute__((__nonnull__(1)));
                                                ^
../Core/App/vofa.c(127): warning: passing 'uint8_t [100]' to parameter of type 'const char *' converts between pointers to integer types where one is of the unique plain 'char' type and the other is not [-Wpointer-sign]
    if(strstr(receive_buf,"set_cq_p = "))
              ^~~~~~~~~~~
C:\Keil_v5\ARM\ARMCLANG\Bin\..\include\string.h(270): note: passing argument to parameter here
extern _ARMABI char *strstr(const char * /*s1*/, const char * /*s2*/) __attribute__((__nonnull__(1,2)));
                                               ^
../Core/App/vofa.c(132): warning: passing 'uint8_t [100]' to parameter of type 'const char *' converts between pointers to integer types where one is of the unique plain 'char' type and the other is not [-Wpointer-sign]
                if(strstr(receive_buf,"set_cq_i = "))
                          ^~~~~~~~~~~
C:\Keil_v5\ARM\ARMCLANG\Bin\..\include\string.h(270): note: passing argument to parameter here
extern _ARMABI char *strstr(const char * /*s1*/, const char * /*s2*/) __attribute__((__nonnull__(1,2)));
                                               ^
3 warnings generated.
compiling vofa.c...
compiling mt6816.c...
compiling adc.c...
compiling foc_lab.c...
compiling dma.c...
compiling tim.c...
compiling gpio.c...
compiling stm32g4xx_hal_msp.c...
compiling stm32g4xx_it.c...
compiling main.c...
compiling stm32g4xx_hal_pcd_ex.c...
compiling stm32g4xx_hal_rcc.c...
compiling stm32g4xx_hal.c...
compiling spi.c...
compiling stm32g4xx_ll_usb.c...
compiling stm32g4xx_hal_pcd.c...
compiling stm32g4xx_hal_flash.c...
compiling stm32g4xx_hal_flash_ex.c...
compiling stm32g4xx_hal_rcc_ex.c...
compiling stm32g4xx_hal_exti.c...
compiling stm32g4xx_hal_flash_ramfunc.c...
compiling stm32g4xx_ll_adc.c...
compiling stm32g4xx_hal_gpio.c...
compiling stm32g4xx_hal_adc.c...
compiling stm32g4xx_hal_cortex.c...
compiling stm32g4xx_hal_spi_ex.c...
compiling stm32g4xx_hal_pwr.c...
compiling stm32g4xx_hal_dma_ex.c...
compiling stm32g4xx_hal_dma.c...
compiling stm32g4xx_hal_pwr_ex.c...
compiling stm32g4xx_hal_adc_ex.c...
compiling stm32g4xx_hal_spi.c...
compiling system_stm32g4xx.c...
compiling stm32g4xx_hal_tim_ex.c...
compiling as5047p.c...
compiling stm32g4xx_hal_tim.c...
compiling utils.c...
compiling svpwm.c...
compiling foc.c...
compiling pid.c...
compiling usbd_conf.c...
compiling usb_device.c...
compiling usbd_desc.c...
../USB_Device/App/usbd_cdc_if.c(269): warning: incompatible pointer types passing 'uint32_t *' (aka 'unsigned int *') to parameter of type 'uint16_t *' (aka 'unsigned short *') [-Wincompatible-pointer-types]
  vofa_Receive(Buf,Len);
                   ^~~
../Core/App\vofa.h(18): note: passing argument to parameter 'Len' here
void vofa_Receive(uint8_t* Buf,uint16_t *Len);
                                         ^
1 warning generated.
compiling usbd_cdc_if.c...
compiling usbd_core.c...
compiling usbd_ctlreq.c...
compiling usbd_ioreq.c...
compiling usbd_cdc.c...
linking...
Program Size: Code=72036 RO-data=1108 RW-data=424 ZI-data=9440  
FromELF: creating hex file...
"FOC_LAB\FOC_LAB.axf" - 0 Error(s), 4 Warning(s).

<h2>Software Packages used:</h2>

Package Vendor: ARM
                http://www.keil.com/pack/ARM.CMSIS.5.8.0.pack
                ARM.CMSIS.5.8.0
                CMSIS (Common Microcontroller Software Interface Standard)
   * Component: CORE Version: 5.5.0

Package Vendor: Keil
                https://www.keil.com/pack/Keil.STM32G4xx_DFP.1.5.0.pack
                Keil.STM32G4xx_DFP.1.5.0
                STMicroelectronics STM32G4 Series Device Support, Drivers and Examples

<h2>Collection of Component include folders:</h2>
  .\RTE\_FOC_LAB
  C:\Users\86156\AppData\Local\Arm\Packs\ARM\CMSIS\5.8.0\CMSIS\Core\Include
  C:\Users\86156\AppData\Local\Arm\Packs\Keil\STM32G4xx_DFP\1.5.0\Drivers\CMSIS\Device\ST\STM32G4xx\Include

<h2>Collection of Component Files used:</h2>

   * Component: ARM::CMSIS:CORE:5.5.0
      Include file:  CMSIS\Core\Include\tz_context.h
Build Time Elapsed:  00:00:10
</pre>
</body>
</html>
